******************************************************************************
                  TI ARM Linker PC v20.2.5                     
******************************************************************************
>> Linked Fri Jan 28 17:14:06 2022

OUTPUT FILE NAME:   <tcp_client_v4.out>
ENTRY POINT SYMBOL: "_c_int00"  address: 0000f0d5


MEMORY CONFIGURATION

         name            origin    length      used     unused   attr    fill
----------------------  --------  ---------  --------  --------  ----  --------
  FLASH                 00000000   00100000  000163af  000e9c51  R  X
  SRAM                  20000000   00040000  0001c708  000238f8  RW X


SEGMENT ALLOCATION MAP

run origin  load origin   length   init length attrs members
----------  ----------- ---------- ----------- ----- -------
00000000    00000000    000163b8   000163b8    r-x
  00000000    00000000    0000003c   0000003c    r-- .resetVecs
  00000040    00000040    000138e2   000138e2    r-x .text
  00013924    00013924    00002619   00002619    r-- .const
  00015f40    00015f40    00000478   00000478    r-- .cinit
20000000    20000000    00000360   00000000    rw-
  20000000    20000000    00000360   00000000    rw- .vecs
20000380    20000380    0001c3a8   00000000    rw-
  20000380    20000380    0001b174   00000000    rw- .bss
  2001b4f4    2001b4f4    00000a34   00000000    rw- .data
  2001bf28    2001bf28    00000800   00000000    rw- .stack


SECTION ALLOCATION MAP

 output                                  attributes/
section   page    origin      length       input sections
--------  ----  ----------  ----------   ----------------
.text      0    00000040    000138e2     
                  00000040    00000c68     stk.aem4f : tcpin.oem4f (.text:TcpInput)
                  00000ca8    00000a4e     rtsv7M4_T_le_v4SPD16_eabi.lib : _printfi.c.obj (.text:__TI_printfi)
                  000016f6    00000002     hal_userled_stub.aem4f : llled.oem4f (.text:LED_TOGGLE)
                  000016f8    000008b8     stk.aem4f : tcpout.oem4f (.text:TcpOutput)
                  00001fb0    00000430     sysbios.aem4f : BIOS.obj (.text:ti_sysbios_family_arm_m3_Hwi_excDumpRegs__I)
                  000023e0    00000408     stk.aem4f : ipout.oem4f (.text:IPTxPacket)
                  000027e8    00000384               : ipin.oem4f (.text:IPRxPacket)
                  00002b6c    0000034c     ti.targets.arm.rtsarm.aem4f : System.oem4f (.text:xdc_runtime_System_doPrint__I)
                  00002eb8    000002a0     rtsv7M4_T_le_v4SPD16_eabi.lib : mktime.c.obj (.text:__mktime32)
                  00003158    00000284     stk.aem4f : sock.oem4f (.text:SockSet)
                  000033dc    00000270     rtsv7M4_T_le_v4SPD16_eabi.lib : _printfi.c.obj (.text:_pconv_a)
                  0000364c    0000024c     stk.aem4f : ipfrag.oem4f (.text:IPReasm)
                  00003898    0000023c               : icmpin.oem4f (.text:ICMPInput)
                  00003ad4    00000238               : udp.oem4f (.text:UdpInput)
                  00003d0c    00000204     Boot.aem4f : Boot_sysctl.oem4f (.text:ti_catalog_arm_cortexm4_tiva_ce_Boot_sysCtlClockFreqSetI__I)
                  00003f10    000001f4     stk.aem4f : sock.oem4f (.text:SockRecv)
                  00004104    00000004               : bind.oem4f (.text:BindGetIF)
                  00004108    000001f4     sysbios.aem4f : BIOS.obj (.text:ti_sysbios_family_arm_m3_Hwi_excHandlerMax__I)
                  000042fc    000001d0     rtsv7M4_T_le_v4SPD16_eabi.lib : _printfi.c.obj (.text:_pconv_g)
                  000044cc    000001b8     drivers_tivaware.aem4f : EMACSnow.oem4f (.text:EMACSnow_NIMUInit)
                  00004684    000001b6     rtsv7M4_T_le_v4SPD16_eabi.lib : fd_add_t2.asm.obj (.text)
                  0000483a    00000002     stk.aem4f : nat.oem4f (.text:NatMsg)
                  0000483c    000001b0               : lliout.oem4f (.text:LLITxIpPacket)
                  000049ec    000001ac               : lliin.oem4f (.text:LLIRxPacket)
                  00004b98    0000019c     os.aem4f : mem.oem4f (.text:mmAlloc)
                  00004d34    00000198     stk.aem4f : igmp.oem4f (.text:IGMPInput)
                  00004ecc    00000190               : sock.oem4f (.text:SockNew)
                  0000505c    00000174     netctrl_min_ipv4.aem4f : netctrl.oem4f (.text:NC_NetStart)
                  000051d0    00000174     sysbios.aem4f : BIOS.obj (.text:ti_sysbios_family_arm_m3_Hwi_excBusFault__I)
                  00005344    00000170     stk.aem4f : rtc.oem4f (.text:RTCReport)
                  000054b4    0000016a               : sb.oem4f (.text:SBRead)
                  0000561e    00000002     os.aem4f : task.oem4f (.text:_TaskInit)
                  00005620    00000164     sysbios.aem4f : BIOS.obj (.text:ti_sysbios_family_arm_m3_Hwi_excUsageFault__I)
                  00005784    00000160     stk.aem4f : sock.oem4f (.text:SockConnect)
                  000058e4    0000015c     httpget.obj (.text:recvTimeStamptFromNTP)
                  00005a40    00000158     nettool_ipv4.aem4f : dhcpmain.oem4f (.text:DHCPOpen)
                  00005b98    00000150     drivers_tivaware.aem4f : GPIOTiva.oem4f (.text:GPIO_setConfig)
                  00005ce8    00000148     sysbios.aem4f : BIOS.obj (.text:ti_sysbios_family_arm_m3_Hwi_excMemFault__I)
                  00005e30    00000148                   : BIOS.obj (.text:ti_sysbios_knl_Event_pend__E)
                  00005f78    00000148                   : BIOS.obj (.text:ti_sysbios_knl_Task_Instance_finalize__E)
                  000060c0    00000144     stk.aem4f : bind.oem4f (.text:BindNew)
                  00006204    00000140               : tcp.oem4f (.text:TcpTimeoutCheck)
                  00006344    0000013c     nettool_ipv4.aem4f : config.oem4f (.text:CfgAddEntry)
                  00006480    0000013c     stk.aem4f : sockint.oem4f (.text:SockNotify)
                  000065bc    0000013c               : sock.oem4f (.text:SockSend)
                  000066f8    0000013c     rtsv7M4_T_le_v4SPD16_eabi.lib : _printfi.c.obj (.text:_pconv_e)
                  00006834    00000136                                   : fd_div_t2.asm.obj (.text)
                  0000696a    00000002     os.aem4f : task.oem4f (.text:_TaskShutdown)
                  0000696c    00000134     stk.aem4f : icmp.oem4f (.text:ICMPGenPacket)
                  00006aa0    00000134     rtsv7M4_T_le_v4SPD16_eabi.lib : localtim.c.obj (.text:__localtime32)
                  00006bd4    00000131     httpget.obj (.text:sendData2Server)
                  00006d05    00000001     --HOLE-- [fill = 0]
                  00006d06    00000130     driverlib.lib : gpio.obj (.text:GPIOPadConfigSet)
                  00006e36    00000002     hal_ser_stub.aem4f : llserstb.oem4f (.text:_llSerialServiceCheck)
                  00006e38    0000012c     EK_TM4C1294XL.obj (.text:EK_TM4C1294XL_initEMAC)
                  00006f64    00000004     stk.aem4f : bind.oem4f (.text:BindGetNext)
                  00006f68    00000128     sysbios.aem4f : BIOS.obj (.text:ti_sysbios_knl_Semaphore_pend__E)
                  00007090    00000124     stk.aem4f : sockpcb.oem4f (.text:SockPcbResolve)
                  000071b4    00000124               : udp.oem4f (.text:UdpOutput)
                  000072d8    00000124     rtsv7M4_T_le_v4SPD16_eabi.lib : _printfi.c.obj (.text:fcvt)
                  000073fc    00000120     httpget_pem4f.oem4f (.text:ti_ndk_config_Global_stackThread)
                  0000751c    00000118     stk.aem4f : tcpout.oem4f (.text:TcpGenPacket)
                  00007634    00000118     ti.targets.arm.rtsarm.aem4f : Error.oem4f (.text:xdc_runtime_Error_policyDefault__E)
                  0000774c    00000114     stk.aem4f : nimu.oem4f (.text:NIMUIoctl)
                  00007860    00000110               : node.oem4f (.text:NodeTreeFree)
                  00007970    00000110               : raw.oem4f (.text:RawInput)
                  00007a80    00000110     rtsv7M4_T_le_v4SPD16_eabi.lib : s_scalbn.c.obj (.text:scalbn)
                  00007b90    0000010c     stk.aem4f : rtable.oem4f (.text:RtFind)
                  00007c9c    0000010a               : route.oem4f (.text:RtCreate)
                  00007da6    00000002     hal_ser_stub.aem4f : llserstb.oem4f (.text:_llSerialShutdown)
                  00007da8    00000108     drivers_tivaware.aem4f : EMACSnow.oem4f (.text:EMACSnow_emacStart)
                  00007eb0    00000108     sysbios.aem4f : BIOS.obj (.text:ti_sysbios_family_arm_lm4_Timer_start__E)
                  00007fb8    00000104     os.aem4f : task.oem4f (.text:llEnter)
                  000080bc    00000102     nettool_ipv4.aem4f : dhcppkt.oem4f (.text:dhcpPacketProcess)
                  000081be    00000102                        : inetaddr.oem4f (.text:inet_aton)
                  000082c0    00000100     stk.aem4f : igmp.oem4f (.text:IGMPSendReply)
                  000083c0    00000100     ti.targets.arm.rtsarm.aem4f : Core-mem.oem4f (.text:xdc_runtime_Core_createObject__I)
                  000084c0    000000fc     netctrl_min_ipv4.aem4f : netctrl.oem4f (.text:NetScheduler)
                  000085bc    000000fc     rtsv7M4_T_le_v4SPD16_eabi.lib : fd_mul_t2.asm.obj (.text)
                  000086b8    000000f8     stk.aem4f : pipe.oem4f (.text:PipeRecv)
                  000087b0    000000f8     ti.targets.arm.rtsarm.aem4f : Startup.oem4f (.text:xdc_runtime_Startup_startMods__I)
                  000088a8    000000f8     httpget_pem4f.oem4f (.text:xdc_runtime_System_printfExtend__I)
                  000089a0    000000f4     os.aem4f : task.oem4f (.text:TaskGetEnv)
                  00008a94    000000f4     sysbios.aem4f : m3_Hwi_asm.obj (.text:ti_sysbios_family_arm_m3_Hwi_dispatch__I)
                  00008b88    000000f4                   : BIOS.obj (.text:ti_sysbios_knl_Task_Instance_init__E)
                  00008c7c    000000f0     stk.aem4f : lliout.oem4f (.text:LLIGenArpPacket)
                  00008d6c    000000f0               : sock.oem4f (.text:SockClose)
                  00008e5c    000000f0     driverlib.lib : sysctl.obj (.text:SysCtlClockSet)
                  00008f4c    000000e8     os.aem4f : task.oem4f (.text:TaskSetEnv)
                  00009034    000000e4     httpget.obj (.text:createTasks)
                  00009118    000000e4     sysbios.aem4f : BIOS.obj (.text:ti_sysbios_knl_Task_postInit__I)
                  000091fc    000000e0     stk.aem4f : tcptime.oem4f (.text:TcpTimeoutRexmt)
                  000092dc    000000dc               : sb.oem4f (.text:SBWrite)
                  000093b8    000000dc     nettool_ipv4.aem4f : dhcpsock.oem4f (.text:dhcpSocketOpen)
                  00009494    000000dc                        : dhcpsm.oem4f (.text:dhcpState)
                  00009570    000000d8     stk.aem4f : node.oem4f (.text:NodeAdd)
                  00009648    000000d8               : tcpprot.oem4f (.text:TcpPrSetOption)
                  00009720    000000d4     drivers_tivaware.aem4f : EMACSnow.oem4f (.text:EMACSnow_handleRx)
                  000097f4    000000d4     stk.aem4f : sockpcb.oem4f (.text:SockPcbBind)
                  000098c8    000000d4     sysbios.aem4f : BIOS.obj (.text:ti_sysbios_heaps_HeapMem_alloc__E)
                  0000999c    000000d1     stk.aem4f : nimu.oem4f (.text:NIMUReceivePacket)
                  00009a6d    00000001     --HOLE-- [fill = 0]
                  00009a6e    00000002     hal_userled_stub.aem4f : llled.oem4f (.text:_llUserLedInit)
                  00009a70    000000cc     stk.aem4f : icmp.oem4f (.text:ICMPSendRtAdv)
                  00009b3c    000000cc     nettool_ipv4.aem4f : dhcpbild.oem4f (.text:dhcpBuildHeader)
                  00009c08    000000cc                        : dhcpsm.oem4f (.text:dhcpIPAdd)
                  00009cd4    000000cc                        : dhcppkt.oem4f (.text:dhcpVerifyMessage)
                  00009da0    000000cc     ti.targets.arm.rtsarm.aem4f : Core-smem.oem4f (.text:xdc_runtime_Core_constructObject__I)
                  00009e6c    000000c8     stk.aem4f : rawethsock.oem4f (.text:RawEthSockNew)
                  00009f34    000000c8     netctrl_min_ipv4.aem4f : netsrv.oem4f (.text:SPIpNet)
                  00009ffc    000000c4     drivers_tivaware.aem4f : EMACSnow.oem4f (.text:EMACSnow_InitDMADescriptors)
                  0000a0c0    000000c4     stk.aem4f : igmp.oem4f (.text:IGMPJoinHostGroup)
                  0000a184    000000c4     nettool_ipv4.aem4f : dhcpsm.oem4f (.text:StateBound)
                  0000a248    000000c0     sysbios.aem4f : BIOS.obj (.text:ti_sysbios_knl_Task_sleep__E)
                  0000a308    000000bc     stk.aem4f : sockpcb.oem4f (.text:SockPcbFind)
                  0000a3c4    000000bc               : vlan.oem4f (.text:VLANDeinit)
                  0000a480    000000bc     sysbios.aem4f : BIOS.obj (.text:ti_sysbios_family_arm_m3_Hwi_excDebugMon__I)
                  0000a53c    00000004     os.aem4f : ossys.oem4f (.text:NDK_vsprintf)
                  0000a540    000000bc     sysbios.aem4f : BIOS.obj (.text:ti_sysbios_family_arm_m3_Hwi_excHardFault__I)
                  0000a5fc    00000004     stk.aem4f : node.oem4f (.text:NodeSetRt)
                  0000a600    000000bc     sysbios.aem4f : BIOS.obj (.text:ti_sysbios_knl_Task_exit__E)
                  0000a6bc    000000b8     EK_TM4C1294XL.obj (.text:EK_TM4C1294XL_initGeneral)
                  0000a774    000000b8     stk.aem4f : icmpin.oem4f (.text:ICMPRevSrcRoute)
                  0000a82c    000000b8               : lli.oem4f (.text:_LLITimeoutCheck)
                  0000a8e4    000000b4               : tcptime.oem4f (.text:TcpTimeoutKeep)
                  0000a998    000000b4     sysbios.aem4f : BIOS.obj (.text:ti_sysbios_knl_Task_checkStacks__E)
                  0000aa4c    000000b1     rtsv7M4_T_le_v4SPD16_eabi.lib : _printfi.c.obj (.text:_ltostr)
                  0000aafd    00000001     --HOLE-- [fill = 0]
                  0000aafe    000000b0     stk.aem4f : rawethsock.oem4f (.text:RawEthSockSet)
                  0000abae    00000002     hal_userled_stub.aem4f : llled.oem4f (.text:_llUserLedShutdown)
                  0000abb0    000000ac     stk.aem4f : rtable.oem4f (.text:RtTimeoutCheck)
                  0000ac5c    000000ac     httpget.obj (.text:ZP3208)
                  0000ad08    000000ac     sysbios.aem4f : BIOS.obj (.text:ti_sysbios_family_arm_lm4_Timer_enableTiva__I)
                  0000adb4    000000a8     stk.aem4f : sockint.oem4f (.text:SockCreatePacket)
                  0000ae5c    000000a8     httpget.obj (.text:SolenoidFxn)
                  0000af04    00000004     stk.aem4f : rawethsock_prot.oem4f (.text:RawEthSockPrAttach)
                  0000af08    000000a4     sysbios.aem4f : BIOS.obj (.text:ti_sysbios_knl_Task_setPri__E)
                  0000afac    000000a0     stk.aem4f : ip.oem4f (.text:IPGetRoute)
                  0000b04c    000000a0     auto_init.aem4f : auto_init.oem4f (.text)
                  0000b0ec    000000a0     httpget.obj (.text:clientSocketTask)
                  0000b18c    000000a0     ti.targets.arm.rtsarm.aem4f : Text.oem4f (.text:xdc_runtime_Text_putMod__E)
                  0000b22c    0000009e     stk.aem4f : nimu.oem4f (.text:NIMUAddEthernetHeader)
                  0000b2ca    0000009e     nettool_ipv4.aem4f : dhcpbild.oem4f (.text:dhcpBuildRequest)
                  0000b368    0000009c     stk.aem4f : exec.oem4f (.text:ExecOpen)
                  0000b404    0000009c     rtsv7M4_T_le_v4SPD16_eabi.lib : memcpy_t2.asm.obj (.text)
                  0000b4a0    0000009a     ti.targets.arm.rtsarm.aem4f : Text.oem4f (.text:xdc_runtime_Text_putSite__E)
                  0000b53a    00000002     rtsv7M4_T_le_v4SPD16_eabi.lib : _lock.c.obj (.text:_nop)
                  0000b53c    00000098     netctrl_min_ipv4.aem4f : netctrl.oem4f (.text:NC_SystemOpen)
                  0000b5d4    00000098                            : netsrv.oem4f (.text:ServiceScan)
                  0000b66c    00000098     Boot.aem4f : Boot.oem4f (.text:ti_catalog_arm_cortexm4_tiva_ce_Boot_sysCtlClockFreqSet__E)
                  0000b704    00000004     stk.aem4f : rawethsock_prot.oem4f (.text:RawEthSockPrDetach)
                  0000b708    00000098     sysbios.aem4f : BIOS.obj (.text:ti_sysbios_knl_Task_schedule__I)
                  0000b7a0    00000096     rtsv7M4_T_le_v4SPD16_eabi.lib : ull_div_t2.asm.obj (.text)
                  0000b836    00000002     hal_ser_stub.aem4f : llserstb.oem4f (.text:llSerialService)
                  0000b838    00000094     nettool_ipv4.aem4f : config.oem4f (.text:CfgRemoveEntry)
                  0000b8cc    00000004     os.aem4f : semaphore.oem4f (.text:SemPend)
                  0000b8d0    00000094     sysbios.aem4f : BIOS.obj (.text:ti_sysbios_family_arm_m3_Hwi_Instance_init__E)
                  0000b964    00000004     os.aem4f : semaphore.oem4f (.text:SemPost)
                  0000b968    00000094     sysbios.aem4f : BIOS.obj (.text:ti_sysbios_family_arm_m3_Hwi_initNVIC__E)
                  0000b9fc    00000090     nettool_ipv4.aem4f : config.oem4f (.text:CfgExecute)
                  0000ba8c    00000090     stk.aem4f : igmp.oem4f (.text:IGMPMsg)
                  0000bb1c    00000090     os.aem4f : mem.oem4f (.text:mmBulkAlloc)
                  0000bbac    00000004              : semaphore.oem4f (.text:SemReset)
                  0000bbb0    00000090     sysbios.aem4f : BIOS.obj (.text:ti_sysbios_knl_Task_Module_startup__E)
                  0000bc40    00000090                   : BIOS.obj (.text:ti_sysbios_knl_Task_startCore__E)
                  0000bcd0    0000008c     drivers_tivaware.aem4f : GPIOTiva.oem4f (.text:GPIO_init)
                  0000bd5c    0000008c     stk.aem4f : ip.oem4f (.text:IPMsg)
                  0000bde8    0000008c     os.aem4f : mem.oem4f (.text:_mmInit)
                  0000be74    0000008c              : mem.oem4f (.text:mmInitPage)
                  0000bf00    0000008c     sysbios.aem4f : m3_TaskSupport_asm.obj (.text:ti_sysbios_family_arm_m3_TaskSupport_buildTaskStack)
                  0000bf8c    00000004     os.aem4f : task.oem4f (.text:TaskSelf)
                  0000bf90    0000008c     sysbios.aem4f : BIOS.obj (.text:ti_sysbios_knl_Event_post__E)
                  0000c01c    0000008a     netctrl_min_ipv4.aem4f : netsrv.oem4f (.text:SPRoute)
                  0000c0a6    00000002     rtsv7M4_T_le_v4SPD16_eabi.lib : div0.asm.obj (.text)
                  0000c0a8    00000088     netctrl_min_ipv4.aem4f : netsrv.oem4f (.text:ServiceSpawn)
                  0000c130    00000088     stk.aem4f : sockpcb.oem4f (.text:SockPcbCtlError)
                  0000c1b8    00000088     sysbios.aem4f : BIOS.obj (.text:ti_sysbios_knl_Mailbox_post__E)
                  0000c240    00000087     httpget_pem4f.oem4f (.text:ti_ndk_config_Global_NetworkIPAddr)
                  0000c2c7    00000001     --HOLE-- [fill = 0]
                  0000c2c8    00000086     nettool_ipv4.aem4f : dhcpsm.oem4f (.text:StateRequesting)
                  0000c34e    00000086     rtsv7M4_T_le_v4SPD16_eabi.lib : fd_cmp_t2.asm.obj (.text:__aeabi_cdcmple)
                  0000c3d4    00000086                                   : fd_cmp_t2.asm.obj (.text:__aeabi_cdrcmple)
                  0000c45a    00000002     httpget_pem4f.oem4f (.text:ti_ndk_config_Global_NetworkClose)
                  0000c45c    00000084     nettool_ipv4.aem4f : config.oem4f (.text:CfgGetEntry)
                  0000c4e0    00000084     drivers_tivaware.aem4f : EMACSnow.oem4f (.text:EMACSnow_processPhyInterrupt)
                  0000c564    00000084     stk.aem4f : tcpprot.oem4f (.text:TcpPrAttach)
                  0000c5e8    00000084     os.aem4f : mem.oem4f (.text:mmBulkFree)
                  0000c66c    00000084              : mem.oem4f (.text:mmFree)
                  0000c6f0    00000084     sysbios.aem4f : BIOS.obj (.text:ti_sysbios_family_arm_m3_Hwi_postInit__I)
                  0000c774    00000082     nettool_ipv4.aem4f : dhcpsm.oem4f (.text:StateRenewRebind)
                  0000c7f6    00000002     httpget_pem4f.oem4f (.text:ti_ndk_config_Global_NetworkOpen)
                  0000c7f8    00000080     drivers_tivaware.aem4f : EMACSnow.oem4f (.text:EMACSnow_emacStop)
                  0000c878    00000080                            : EMACSnow.oem4f (.text:EMACSnow_processPendingTx)
                  0000c8f8    00000080     stk.aem4f : lli.oem4f (.text:LLINew)
                  0000c978    00000080     netctrl_min_ipv4.aem4f : netsrv.oem4f (.text:NS_BootTask)
                  0000c9f8    00000080     stk.aem4f : pbm.oem4f (.text:PBM_alloc)
                  0000ca78    00000080               : raw.oem4f (.text:RawOutput)
                  0000caf8    0000007e               : fileuser.oem4f (.text:fdClose)
                  0000cb76    00000002     httpget_pem4f.oem4f (.text:ti_sysbios_BIOS_nullFunc__I)
                  0000cb78    0000007c     nettool_ipv4.aem4f : config.oem4f (.text:CfgGetNextEntry)
                  0000cbf4    0000007c     drivers_tivaware.aem4f : EMACSnow.oem4f (.text:EMACSnow_hwiIntFxn)
                  0000cc70    0000007c     stk.aem4f : igmp.oem4f (.text:IGMPDoMCast)
                  0000ccec    0000007c               : igmp.oem4f (.text:IGMPJoin)
                  0000cd68    0000007c               : socket.oem4f (.text:NDK_setsockopt)
                  0000cde4    0000007c               : nimu.oem4f (.text:NIMURegister)
                  0000ce60    0000007c               : pbm.oem4f (.text:PBM_free)
                  0000cedc    0000007c     nettool_ipv4.aem4f : inetaddr.oem4f (.text:inet_pton)
                  0000cf58    0000007c     sysbios.aem4f : BIOS.obj (.text:ti_sysbios_heaps_HeapMem_free__E)
                  0000cfd4    0000007a     rtsv7M4_T_le_v4SPD16_eabi.lib : memset_t2.asm.obj (.text)
                  0000d04e    00000002     httpget_pem4f.oem4f (.text:xdc_runtime_Startup_reset__I)
                  0000d050    00000078     driverlib.lib : emac.obj (.text:EMACInit)
                  0000d0c8    00000078     stk.aem4f : socket.oem4f (.text:NDK_sendto)
                  0000d140    00000078               : tcptime.oem4f (.text:TcpXmitTimer)
                  0000d1b8    00000078               : fileuser.oem4f (.text:fdOpenSession)
                  0000d230    00000078     os.aem4f : task.oem4f (.text:llExit)
                  0000d2a8    00000076     stk.aem4f : pipe.oem4f (.text:PipeSend)
                  0000d31e    00000002     --HOLE-- [fill = 0]
                  0000d320    00000075               : tcptime.oem4f (.text:TcpTimeoutSackRexmt)
                  0000d395    00000003     --HOLE-- [fill = 0]
                  0000d398    00000074               : igmp.oem4f (.text:IGMPLeaveHostGroup)
                  0000d40c    00000074               : nimu.oem4f (.text:NIMUShutdown)
                  0000d480    00000074               : raweth.oem4f (.text:RawEthRxPacket)
                  0000d4f4    00000074               : sockpcb.oem4f (.text:SockPcbConnect)
                  0000d568    00000074     sysbios.aem4f : BIOS.obj (.text:ti_sysbios_knl_Mailbox_pend__E)
                  0000d5dc    00000072     os.aem4f : semaphore.oem4f (.text:SemCreateBinary)
                  0000d64e    00000070     stk.aem4f : socket.oem4f (.text:NDK_send)
                  0000d6be    00000002     --HOLE-- [fill = 0]
                  0000d6c0    00000070               : rtable.oem4f (.text:RtFlush)
                  0000d730    00000070     netctrl_min_ipv4.aem4f : netsrv.oem4f (.text:SPConfig)
                  0000d7a0    00000070     stk.aem4f : sock.oem4f (.text:SockShutdown)
                  0000d810    00000070     nettool_ipv4.aem4f : dhcptags.oem4f (.text:dhcpDecodeType)
                  0000d880    00000070     sysbios.aem4f : BIOS.obj (.text:ti_sysbios_knl_Clock_workFunc__E)
                  0000d8f0    0000006e     stk.aem4f : socket.oem4f (.text:NDK_recv)
                  0000d95e    00000002     --HOLE-- [fill = 0]
                  0000d960    0000006e               : rtable.oem4f (.text:RtWalkNext)
                  0000d9ce    0000006e               : sockpcb.oem4f (.text:SockPcbFindRaw)
                  0000da3c    0000006e     rtsv7M4_T_le_v4SPD16_eabi.lib : _printfi.c.obj (.text:_mcpy)
                  0000daaa    0000006e                                   : ll_div_t2.asm.obj (.text)
                  0000db18    0000006d     stk.aem4f : node.oem4f (.text:NodeNew)
                  0000db85    00000003     --HOLE-- [fill = 0]
                  0000db88    0000006d     ti.targets.arm.rtsarm.aem4f : System.oem4f (.text:xdc_runtime_System_formatNum__I)
                  0000dbf5    00000003     --HOLE-- [fill = 0]
                  0000dbf8    0000006c     os.aem4f : ossys.oem4f (.text:DbgPrintf)
                  0000dc64    0000006c     stk.aem4f : node.oem4f (.text:NodeTreeNew)
                  0000dcd0    0000006c               : raweth.oem4f (.text:RawEthTxPacket)
                  0000dd3c    0000006c               : udp.oem4f (.text:UdpChecksum)
                  0000dda8    0000006c     rtsv7M4_T_le_v4SPD16_eabi.lib : asctime.c.obj (.text:asctime)
                  0000de14    0000006c     httpget_pem4f.oem4f (.text:ti_ndk_config_ip_init)
                  0000de80    0000006c     sysbios.aem4f : BIOS.obj (.text:ti_sysbios_knl_Swi_restoreHwi__E)
                  0000deec    0000006c     ti.targets.arm.rtsarm.aem4f : Error.oem4f (.text:xdc_runtime_Error_print__E)
                  0000df58    0000006c                                 : Memory.oem4f (.text:xdc_runtime_Memory_alloc__E)
                  0000dfc4    0000006a     stk.aem4f : tcpprot.oem4f (.text:TcpPrInherit)
                  0000e02e    00000068               : socket.oem4f (.text:NDK_socket)
                  0000e096    00000002     --HOLE-- [fill = 0]
                  0000e098    00000068               : pbm.oem4f (.text:PBM_open)
                  0000e100    00000068     httpget.obj (.text:TimerConf)
                  0000e168    00000068     stk.aem4f : rtable.oem4f (.text:_RtNodeInsert)
                  0000e1d0    00000068     rtsv7M4_T_le_v4SPD16_eabi.lib : copy_decompress_lzss.c.obj (.text:decompress:lzss:__TI_decompress_lzss)
                  0000e238    00000066     ti.targets.arm.rtsarm.aem4f : Core-mem.oem4f (.text:xdc_runtime_Core_deleteObject__I)
                  0000e29e    00000002     --HOLE-- [fill = 0]
                  0000e2a0    00000064     nettool_ipv4.aem4f : config.oem4f (.text:CfgFree)
                  0000e304    00000064     drivers_tivaware.aem4f : GPIOTiva.oem4f (.text:GPIO_hwiIntFxn)
                  0000e368    00000064     stk.aem4f : pbm.oem4f (.text:PBMQ_enq)
                  0000e3cc    00000064               : sockint.oem4f (.text:SockSpawnAbort)
                  0000e430    00000064     rtsv7M4_T_le_v4SPD16_eabi.lib : s_frexp.c.obj (.text:frexp)
                  0000e494    00000064     hal_timer_bios.aem4f : lltimer.oem4f (.text:llTimerTick)
                  0000e4f8    00000064     httpget_pem4f.oem4f (.text:ti_sysbios_family_arm_m3_Hwi_create)
                  0000e55c    00000004     os.aem4f : task.oem4f (.text:TaskSetPri)
                  0000e560    00000064     sysbios.aem4f : BIOS.obj (.text:ti_sysbios_family_arm_m3_Hwi_dispatchC__I)
                  0000e5c4    00000004     hal_ser_stub.aem4f : llserstb.oem4f (.text:_llSerialInit)
                  0000e5c8    00000064     sysbios.aem4f : BIOS.obj (.text:ti_sysbios_knl_Semaphore_post__E)
                  0000e62c    00000064     stk.aem4f : lliin.oem4f (.text:updateRtTable)
                  0000e690    00000062               : ipin.oem4f (.text:IPRouteIP)
                  0000e6f2    00000002     --HOLE-- [fill = 0]
                  0000e6f4    00000062               : sb.oem4f (.text:SBNew)
                  0000e756    00000002     --HOLE-- [fill = 0]
                  0000e758    00000060     nettool_ipv4.aem4f : config.oem4f (.text:CfgGetEntryCnt)
                  0000e7b8    00000060     stk.aem4f : file.oem4f (.text:FdWaitEvent)
                  0000e818    00000060               : nimu.oem4f (.text:NIMUUnregister)
                  0000e878    00000060               : node.oem4f (.text:NodeFind)
                  0000e8d8    00000060               : rtc.oem4f (.text:RTCMsg)
                  0000e938    00000060               : tcp.oem4f (.text:TcpChecksum)
                  0000e998    00000060     nettool_ipv4.aem4f : dhcptags.oem4f (.text:dhcpBuildOptions)
                  0000e9f8    00000060     httpget_pem4f.oem4f (.text:ti_ndk_config_Global_serviceReport)
                  0000ea58    0000005e     stk.aem4f : route.oem4f (.text:RtRemove)
                  0000eab6    0000005e     nettool_ipv4.aem4f : dhcpsm.oem4f (.text:StateSelecting)
                  0000eb14    0000005e     stk.aem4f : vlan.oem4f (.text:VLANReceivePacket)
                  0000eb72    00000002     --HOLE-- [fill = 0]
                  0000eb74    0000005c     nettool_ipv4.aem4f : config.oem4f (.text:CfgSetExecuteOrder)
                  0000ebd0    0000005c     stk.aem4f : nimu.oem4f (.text:NIMUIoctlSpecialCmd)
                  0000ec2c    0000005c     netctrl_min_ipv4.aem4f : netsrv.oem4f (.text:SPService)
                  0000ec88    0000005c     httpget_pem4f.oem4f (.text:ti_sysbios_knl_Swi_create)
                  0000ece4    00000004     rtsv7M4_T_le_v4SPD16_eabi.lib : exit.c.obj (.text:abort:abort)
                  0000ece8    0000005c     sysbios.aem4f : BIOS.obj (.text:ti_sysbios_knl_Swi_run__I)
                  0000ed44    00000004     stk.aem4f : listlib.oem4f (.text:list_get_head)
                  0000ed48    0000005c     sysbios.aem4f : BIOS.obj (.text:ti_sysbios_knl_Swi_schedule__I)
                  0000eda4    0000005c     httpget_pem4f.oem4f (.text:ti_sysbios_knl_Task_create)
                  0000ee00    0000005c     sysbios.aem4f : BIOS.obj (.text:ti_sysbios_knl_Task_unblockI__E)
                  0000ee5c    0000005b     ti.targets.arm.rtsarm.aem4f : Text.oem4f (.text:xdc_runtime_Text_putLab__E)
                  0000eeb7    00000001     --HOLE-- [fill = 0]
                  0000eeb8    0000005a     stk.aem4f : route.oem4f (.text:RtRedirect)
                  0000ef12    0000005a               : tcpprot.oem4f (.text:TcpValidateMetrics)
                  0000ef6c    0000005a     nettool_ipv4.aem4f : dhcpbild.oem4f (.text:dhcpBuildDecline)
                  0000efc6    0000005a     os.aem4f : mem.oem4f (.text:mmCopy)
                  0000f020    0000005a     httpget_pem4f.oem4f (.text:ti_ndk_config_tcp_init)
                  0000f07a    00000002     --HOLE-- [fill = 0]
                  0000f07c    00000058     stk.aem4f : bind.oem4f (.text:BindFree)
                  0000f0d4    00000058     boot.aem4f : boot.oem4f (.text)
                  0000f12c    00000058     driverlib.lib : emac.obj (.text:EMACPHYConfigSet)
                  0000f184    00000058     rtsv7M4_T_le_v4SPD16_eabi.lib : hostwrite.c.obj (.text:HOSTwrite)
                  0000f1dc    00000058     stk.aem4f : igmp.oem4f (.text:IGMPTimer)
                  0000f234    00000058     os.aem4f : semaphore.oem4f (.text:SemCreate)
                  0000f28c    00000058     sysbios.aem4f : m3_Hwi_asm_switch.obj (.text:ti_sysbios_family_arm_m3_Hwi_initStacks__E)
                  0000f2e4    00000056     driverlib.lib : gpio.obj (.text:GPIOIntTypeSet)
                  0000f33a    00000056     rtsv7M4_T_le_v4SPD16_eabi.lib : _printfi.c.obj (.text:_pconv_f)
                  0000f390    00000054     nettool_ipv4.aem4f : config.oem4f (.text:CfgEntryDeRef)
                  0000f3e4    00000054     httpget.obj (.text:GPIOConf)
                  0000f438    00000054     stk.aem4f : igmp.oem4f (.text:IGMPLeave)
                  0000f48c    00000054               : rawethsock_pcb.oem4f (.text:RawEthSockPcbAttach)
                  0000f4e0    00000054               : sockpcb.oem4f (.text:SockCleanPcb)
                  0000f534    00000054               : tcptime.oem4f (.text:TcpTimeoutPersist)
                  0000f588    00000054     rtsv7M4_T_le_v4SPD16_eabi.lib : _ltoa.c.obj (.text:__TI_ltoa)
                  0000f5dc    00000004     stk.aem4f : listlib.oem4f (.text:list_get_next)
                  0000f5e0    00000054     sysbios.aem4f : BIOS.obj (.text:ti_sysbios_family_arm_lm4_Timer_initDevice__I)
                  0000f634    00000004     httpget_pem4f.oem4f (.text:ti_sysbios_BIOS_RtsGateProxy_enter__E)
                  0000f638    00000054     sysbios.aem4f : BIOS.obj (.text:ti_sysbios_knl_Swi_Instance_init__E)
                  0000f68c    00000054     ti.targets.arm.rtsarm.aem4f : Assert.oem4f (.text:xdc_runtime_Assert_raise__I)
                  0000f6e0    00000052     stk.aem4f : tcpprot.oem4f (.text:TcpPrDetach)
                  0000f732    00000052     rtsv7M4_T_le_v4SPD16_eabi.lib : _printfi.c.obj (.text:_ecpy)
                  0000f784    00000050     drivers_tivaware.aem4f : GPIOTiva.oem4f (.text:GPIO_setCallback)
                  0000f7d4    00000050     stk.aem4f : socket.oem4f (.text:NDK_bind)
                  0000f824    00000050               : socket.oem4f (.text:NDK_connect)
                  0000f874    00000050               : route.oem4f (.text:RtNew)
                  0000f8c4    00000050     driverlib.lib : sysctl.obj (.text:SysCtlPeripheralReset)
                  0000f914    00000050     Boot.aem4f : Boot_sysctl.oem4f (.text:_SysCtlFrequencyGet)
                  0000f964    00000004     httpget_pem4f.oem4f (.text:ti_sysbios_BIOS_RtsGateProxy_leave__E)
                  0000f968    00000050     sysbios.aem4f : BIOS.obj (.text:ti_sysbios_family_arm_m3_Hwi_Module_startup__E)
                  0000f9b8    00000050     ti.targets.arm.rtsarm.aem4f : Startup.oem4f (.text:xdc_runtime_Startup_exec__E)
                  0000fa08    00000050                                 : Text.oem4f (.text:xdc_runtime_Text_visitRope2__I)
                  0000fa58    0000004e     stk.aem4f : node.oem4f (.text:NodeDeRef)
                  0000faa6    0000004e     nettool_ipv4.aem4f : config.oem4f (.text:_CfgEntryScan)
                  0000faf4    0000004c                        : ipaddr.oem4f (.text:NtAddNetwork)
                  0000fb40    0000004c     stk.aem4f : sockint.oem4f (.text:SockValidateRoute)
                  0000fb8c    0000004c     rtsv7M4_T_le_v4SPD16_eabi.lib : atoi.c.obj (.text:atoi)
                  0000fbd8    0000004c                                   : cpy_tbl.c.obj (.text:copy_in)
                  0000fc24    0000004c                                   : snprintf.c.obj (.text:snprintf)
                  0000fc70    0000004c     sysbios.aem4f : BIOS.obj (.text:ti_sysbios_heaps_HeapMem_getStats__E)
                  0000fcbc    00000004                   : BIOS.obj (.text:ti_sysbios_family_arm_lm4_Timer_masterEnable__I)
                  0000fcc0    0000004c                   : BIOS.obj (.text:ti_sysbios_knl_Swi_runLoop__I)
                  0000fd0c    00000004     httpget_pem4f.oem4f (.text:ti_sysbios_family_arm_m3_Hwi_delete)
                  0000fd10    0000004c     sysbios.aem4f : BIOS.obj (.text:ti_sysbios_knl_Task_allBlockedFunction__I)
                  0000fd5c    0000004a     netctrl_min_ipv4.aem4f : netsrv.oem4f (.text:ServiceKill)
                  0000fda6    0000004a     stk.aem4f : sock.oem4f (.text:SockDisconnect)
                  0000fdf0    0000004a               : timer.oem4f (.text:TimerNew)
                  0000fe3a    00000048     nettool_ipv4.aem4f : config.oem4f (.text:CfgNew)
                  0000fe82    00000002     --HOLE-- [fill = 0]
                  0000fe84    00000048     driverlib.lib : gpio.obj (.text:GPIOPinConfigure)
                  0000fecc    00000048     stk.aem4f : lli.oem4f (.text:LLIMsg)
                  0000ff14    00000048               : node.oem4f (.text:NodeWalk)
                  0000ff5c    00000048               : rawethsock_pcb.oem4f (.text:RawEthSockPcbDetach)
                  0000ffa4    00000048               : sockpcb.oem4f (.text:SockPcbResolveChain)
                  0000ffec    00000048               : tcpprot.oem4f (.text:TcpDrop)
                  00010034    00000048               : lli.oem4f (.text:_LLIExpListInsert)
                  0001007c    00000048               : rtable.oem4f (.text:_RtExpListInsert)
                  000100c4    00000048               : file.oem4f (.text:fdint_lockfd)
                  0001010c    00000048     rtsv7M4_T_le_v4SPD16_eabi.lib : fd_toi_t2.asm.obj (.text)
                  00010154    00000004     httpget_pem4f.oem4f (.text:ti_sysbios_family_arm_m3_TaskSupport_Module__startupDone__S)
                  00010158    00000048     sysbios.aem4f : BIOS.obj (.text:ti_sysbios_family_arm_lm4_Timer_enableTimers__I)
                  000101a0    00000048                   : BIOS.obj (.text:ti_sysbios_family_arm_m3_Hwi_disableInterrupt__E)
                  000101e8    00000048                   : BIOS.obj (.text:ti_sysbios_family_arm_m3_Hwi_enableInterrupt__E)
                  00010230    00000048                   : BIOS.obj (.text:ti_sysbios_family_arm_m3_Hwi_excReserved__I)
                  00010278    00000048                   : BIOS.obj (.text:ti_sysbios_knl_Mailbox_Module_startup__E)
                  000102c0    00000048                   : BIOS.obj (.text:ti_sysbios_knl_Task_deleteTerminatedTasksFunc__I)
                  00010308    00000046     nettool_ipv4.aem4f : ipaddr.oem4f (.text:NtIfIdx2Ip)
                  0001034e    00000046     stk.aem4f : rawethsock.oem4f (.text:RawEthSockSend)
                  00010394    00000046               : tcpprot.oem4f (.text:TcpPrCtlError)
                  000103da    00000046     os.aem4f : mem.oem4f (.text:mmZeroInit)
                  00010420    00000046     ti.targets.arm.rtsarm.aem4f : Core-params.oem4f (.text:xdc_runtime_Core_assignParams__I)
                  00010466    00000002     --HOLE-- [fill = 0]
                  00010468    00000044     drivers_tivaware.aem4f : EMACSnow.oem4f (.text:EMACSnow_processTransmitted)
                  000104ac    00000044     stk.aem4f : icmp.oem4f (.text:ICMPChecksum)
                  000104f0    00000044               : ipfrag.oem4f (.text:IPReasmFree)
                  00010534    00000044               : lli.oem4f (.text:LLIGetValidTime)
                  00010578    00000044               : rtable.oem4f (.text:RouteMsg)
                  000105bc    00000044               : rtable.oem4f (.text:RtWalkEnd)
                  00010600    00000044               : sockpcb.oem4f (.text:SockPcbDetach)
                  00010644    00000044               : timer.oem4f (.text:TimerListInsert)
                  00010688    00000044     hal_timer_bios.aem4f : lltimer.oem4f (.text:llTimerGetTime)
                  000106cc    00000004     httpget_pem4f.oem4f (.text:ti_sysbios_heaps_HeapMem_Module_GateProxy_enter__E)
                  000106d0    00000044     sysbios.aem4f : BIOS.obj (.text:ti_sysbios_family_arm_lm4_Timer_isrStub__E)
                  00010714    00000004     httpget_pem4f.oem4f (.text:ti_sysbios_heaps_HeapMem_Module_GateProxy_leave__E)
                  00010718    00000044     sysbios.aem4f : BIOS.obj (.text:ti_sysbios_family_arm_m3_Hwi_getStackInfo__E)
                  0001075c    00000004     httpget_pem4f.oem4f (.text:ti_sysbios_knl_Clock_TimerProxy_getMaxTicks__E)
                  00010760    00000044     sysbios.aem4f : BIOS.obj (.text:ti_sysbios_knl_Swi_post__E)
                  000107a4    00000044     ti.targets.arm.rtsarm.aem4f : Error.oem4f (.text:xdc_runtime_Error_setX__E)
                  000107e8    00000044                                 : SysMin.oem4f (.text:xdc_runtime_SysMin_flush__E)
                  0001082c    00000044                                 : Text.oem4f (.text:xdc_runtime_Text_xprintf__I)
                  00010870    00000042     stk.aem4f : tcpprot.oem4f (.text:TcpPrSendOOB)
                  000108b2    00000042               : fileuser.oem4f (.text:fdCloseSession)
                  000108f4    00000040               : lliin.oem4f (.text:LLIValidateRoute)
                  00010934    00000040               : pbm.oem4f (.text:PBM_copy)
                  00010974    00000040               : sockpcb.oem4f (.text:SockPcbRtChange)
                  000109b4    00000040               : tcpprot.oem4f (.text:TcpPrSend)
                  000109f4    00000040     rtsv7M4_T_le_v4SPD16_eabi.lib : u_divt2.asm.obj (.text)
                  00010a34    00000040     httpget.obj (.text:socketTask)
                  00010a74    00000040     rtsv7M4_T_le_v4SPD16_eabi.lib : sprintf.c.obj (.text:sprintf)
                  00010ab4    00000004     httpget_pem4f.oem4f (.text:ti_sysbios_knl_Queue_destruct)
                  00010ab8    00000040     sysbios.aem4f : BIOS.obj (.text:ti_sysbios_family_arm_lm4_Timer_Module_startup__E)
                  00010af8    00000040                   : BIOS.obj (.text:ti_sysbios_family_arm_lm4_Timer_startup__E)
                  00010b38    00000040                   : BIOS.obj (.text:ti_sysbios_heaps_HeapMem_Instance_init__E)
                  00010b78    0000003e     nettool_ipv4.aem4f : dhcpmain.oem4f (.text:DHCPClose)
                  00010bb6    00000002     --HOLE-- [fill = 0]
                  00010bb8    0000003e     stk.aem4f : nimu.oem4f (.text:NIMUAllocateName)
                  00010bf6    0000003e     os.aem4f : task.oem4f (.text:TaskCreate)
                  00010c34    0000003e     stk.aem4f : tcpprot.oem4f (.text:TcpPrDisconnect)
                  00010c72    0000003e     rtsv7M4_T_le_v4SPD16_eabi.lib : _printfi.c.obj (.text:_fcpy)
                  00010cb0    0000003e     stk.aem4f : file.oem4f (.text:fdint_unlockfd)
                  00010cee    0000003c     nettool_ipv4.aem4f : config.oem4f (.text:CfgEntryGetData)
                  00010d2a    0000003c     driverlib.lib : emac.obj (.text:EMACIntDisable)
                  00010d66    0000003c     stk.aem4f : node.oem4f (.text:NodeUpdatePL)
                  00010da2    00000002     --HOLE-- [fill = 0]
                  00010da4    0000003c               : rtable.oem4f (.text:RtWalkBegin)
                  00010de0    0000003c               : tcpprot.oem4f (.text:TcpPrConnect)
                  00010e1c    0000003c               : tcptime.oem4f (.text:TcpSetPersist)
                  00010e58    0000003c               : rtc.oem4f (.text:_RTCSendRtAdv)
                  00010e94    0000003c               : rtable.oem4f (.text:_RtNodeRemove)
                  00010ed0    0000003c     hal_timer_bios.aem4f : lltimer.oem4f (.text:_llTimerInit)
                  00010f0c    00000004     httpget_pem4f.oem4f (.text:ti_sysbios_knl_Semaphore_delete)
                  00010f10    0000003c     sysbios.aem4f : BIOS.obj (.text:ti_sysbios_family_arm_m3_Hwi_excSvCall__I)
                  00010f4c    00000004     httpget_pem4f.oem4f (.text:ti_sysbios_knl_Semaphore_destruct)
                  00010f50    0000003c     sysbios.aem4f : BIOS.obj (.text:ti_sysbios_heaps_HeapMem_init__I)
                  00010f8c    00000004     httpget_pem4f.oem4f (.text:ti_sysbios_knl_Swi_delete)
                  00010f90    0000003c     sysbios.aem4f : BIOS.obj (.text:ti_sysbios_knl_Clock_Instance_init__E)
                  00010fcc    00000004     httpget_pem4f.oem4f (.text:ti_sysbios_knl_Task_delete)
                  00010fd0    0000003c     sysbios.aem4f : BIOS.obj (.text:ti_sysbios_knl_Swi_restore__E)
                  0001100c    0000003a     driverlib.lib : emac.obj (.text:EMACIntEnable)
                  00011046    00000002     --HOLE-- [fill = 0]
                  00011048    00000038                   : emac.obj (.text:EMACConfigGet)
                  00011080    00000038     stk.aem4f : ipfrag.oem4f (.text:IPReasmTimeout)
                  000110b8    00000038               : node.oem4f (.text:NodeGetRt)
                  000110f0    00000038     driverlib.lib : sysctl.obj (.text:SysCtlPeripheralReady)
                  00011128    00000038     stk.aem4f : tcpprot.oem4f (.text:TcpClose)
                  00011160    00000038               : timer.oem4f (.text:TimerHSTick)
                  00011198    00000038     rtsv7M4_T_le_v4SPD16_eabi.lib : trgmsg.c.obj (.text:__TI_writemsg)
                  000111d0    00000038     nettool_ipv4.aem4f : dhcpbild.oem4f (.text:dhcpBuildDiscover)
                  00011208    00000038                        : dhcptags.oem4f (.text:dhcpOptionsClear)
                  00011240    00000038     stk.aem4f : file.oem4f (.text:fdint_waitevent)
                  00011278    00000038     sysbios.aem4f : BIOS.obj (.text:ti_sysbios_family_arm_m3_Hwi_excNoIsr__I)
                  000112b0    00000038     httpget_pem4f.oem4f (.text:ti_sysbios_knl_Clock_create)
                  000112e8    00000038     ti.targets.arm.rtsarm.aem4f : SysMin.oem4f (.text:xdc_runtime_SysMin_putch__E)
                  00011320    00000038                                 : System.oem4f (.text:xdc_runtime_System_atexit__E)
                  00011358    00000036     stk.aem4f : ip.oem4f (.text:IPChecksum)
                  0001138e    00000002     --HOLE-- [fill = 0]
                  00011390    00000035     httpget.obj (.text:printError)
                  000113c5    00000003     --HOLE-- [fill = 0]
                  000113c8    00000034     nettool_ipv4.aem4f : config.oem4f (.text:CfgSetService)
                  000113fc    00000034     driverlib.lib : emac.obj (.text:EMACConfigSet)
                  00011430    00000034                   : emac.obj (.text:EMACIntClear)
                  00011464    00000034     drivers_tivaware.aem4f : EMACSnow.oem4f (.text:EMACSnow_emacPoll)
                  00011498    00000034                            : EMACSnow.oem4f (.text:EMACSnow_isLinkUp)
                  000114cc    00000034                            : EMAC.oem4f (.text:EMAC_init)
                  00011500    00000034     stk.aem4f : exec.oem4f (.text:ExecClose)
                  00011534    00000034               : nimu.oem4f (.text:NIMUFindByName)
                  00011568    00000034               : nimu.oem4f (.text:NIMUInit)
                  0001159c    00000034               : rawethsock.oem4f (.text:RawEthSockNotify)
                  000115d0    00000034               : sockprot.oem4f (.text:SockPrCtlError)
                  00011604    00000034     driverlib.lib : sysctl.obj (.text:SysCtlPeripheralDisable)
                  00011638    00000034                   : sysctl.obj (.text:SysCtlPeripheralEnable)
                  0001166c    00000034     rtsv7M4_T_le_v4SPD16_eabi.lib : trgmsg.c.obj (.text:__TI_readmsg)
                  000116a0    00000034     os.aem4f : mem.oem4f (.text:mmUnInitPage)
                  000116d4    00000004     ti.targets.arm.rtsarm.aem4f : Error.oem4f (.text:xdc_runtime_Error_getMsg__E)
                  000116d8    00000034     sysbios.aem4f : BIOS.obj (.text:ti_sysbios_family_arm_m3_Hwi_Instance_finalize__E)
                  0001170c    00000004     ti.targets.arm.rtsarm.aem4f : Error.oem4f (.text:xdc_runtime_Error_getSite__E)
                  00011710    00000034     sysbios.aem4f : BIOS.obj (.text:ti_sysbios_family_arm_m3_Hwi_excNmi__I)
                  00011744    00000004     httpget_pem4f.oem4f (.text:xdc_runtime_System_Module_GateProxy_enter__E)
                  00011748    00000034     sysbios.aem4f : BIOS.obj (.text:ti_sysbios_hal_Hwi_checkStack)
                  0001177c    00000034     httpget_pem4f.oem4f (.text:ti_sysbios_knl_Semaphore_create)
                  000117b0    00000034     ti.targets.arm.rtsarm.aem4f : Core-label.oem4f (.text:xdc_runtime_Core_assignLabel__I)
                  000117e4    00000033                                 : Text.oem4f (.text:xdc_runtime_Text_printVisFxn__I)
                  00011817    00000001     --HOLE-- [fill = 0]
                  00011818    00000032     nettool_ipv4.aem4f : config.oem4f (.text:CfgGetImmediate)
                  0001184a    00000032     stk.aem4f : route.oem4f (.text:RtDeRef)
                  0001187c    00000032               : route.oem4f (.text:RtSetFailure)
                  000118ae    00000032               : sb.oem4f (.text:SBFlush)
                  000118e0    00000032               : sb.oem4f (.text:SBSetMax)
                  00011912    00000032               : sock.oem4f (.text:SockIntAbort)
                  00011944    00000032     nettool_ipv4.aem4f : config.oem4f (.text:_CfgAcquire)
                  00011976    00000032                        : dhcpsm.oem4f (.text:dhcpIPRemove)
                  000119a8    00000032     sysbios.aem4f : BIOS.obj (.text:ti_sysbios_hal_Hwi_initStack)
                  000119da    00000006     driverlib.lib : emac.obj (.text:EMACRxDMADescriptorListSet)
                  000119e0    00000032     sysbios.aem4f : BIOS.obj (.text:ti_sysbios_knl_Event_pendTimeout__I)
                  00011a12    00000006     driverlib.lib : emac.obj (.text:EMACTxDMADescriptorListSet)
                  00011a18    00000032     sysbios.aem4f : BIOS.obj (.text:ti_sysbios_knl_Semaphore_pendTimeout__I)
                  00011a4a    00000030     driverlib.lib : emac.obj (.text:EMACAddrSet)
                  00011a7a    00000002     --HOLE-- [fill = 0]
                  00011a7c    00000030     drivers_tivaware.aem4f : EMACSnow.oem4f (.text:EMACSnow_handlePackets)
                  00011aac    00000030     netctrl_min_ipv4.aem4f : netsrv.oem4f (.text:NS_PreBoot)
                  00011adc    00000030     stk.aem4f : sock.oem4f (.text:SockBind)
                  00011b0c    00000030     rtsv7M4_T_le_v4SPD16_eabi.lib : snprintf.c.obj (.text:_outs)
                  00011b3c    00000030     nettool_ipv4.aem4f : dhcpsock.oem4f (.text:dhcpPacketSend)
                  00011b6c    00000030     stk.aem4f : listlib.oem4f (.text:list_remove_node)
                  00011b9c    00000030     httpget_pem4f.oem4f (.text:ti_sysbios_BIOS_atExitFunc__I)
                  00011bcc    00000004     httpget_pem4f.oem4f (.text:xdc_runtime_System_Module_GateProxy_leave__E)
                  00011bd0    00000030     sysbios.aem4f : BIOS.obj (.text:ti_sysbios_family_arm_lm4_Timer_stop__E)
                  00011c00    00000030                   : BIOS.obj (.text:ti_sysbios_family_arm_m3_TaskSupport_start__E)
                  00011c30    00000030     httpget_pem4f.oem4f (.text:ti_sysbios_gates_GateHwi_Object__create__S)
                  00011c60    00000030     httpget_pem4f.oem4f (.text:ti_sysbios_gates_GateMutex_Object__create__S)
                  00011c90    00000030     sysbios.aem4f : BIOS.obj (.text:ti_sysbios_gates_GateMutex_enter__E)
                  00011cc0    00000030     httpget_pem4f.oem4f (.text:ti_sysbios_heaps_HeapMem_Object__create__S)
                  00011cf0    00000030     sysbios.aem4f : BIOS.obj (.text:ti_sysbios_knl_Mailbox_postInit__I)
                  00011d20    00000030     httpget_pem4f.oem4f (.text:ti_sysbios_knl_Semaphore_construct)
                  00011d50    00000030     sysbios.aem4f : BIOS.obj (.text:ti_sysbios_knl_Task_processVitalTaskFlag__I)
                  00011d80    00000030     ti.targets.arm.rtsarm.aem4f : SysMin.oem4f (.text:xdc_runtime_SysMin_abort__E)
                  00011db0    00000030                                 : System.oem4f (.text:xdc_runtime_System_processAtExit__E)
                  00011de0    0000002e     stk.aem4f : sb.oem4f (.text:SBFree)
                  00011e0e    0000002e     rtsv7M4_T_le_v4SPD16_eabi.lib : i_tofd_t2.asm.obj (.text)
                  00011e3c    0000002c     driverlib.lib : emac.obj (.text:EMACIntStatus)
                  00011e68    0000002c     stk.aem4f : file.oem4f (.text:FdSignalEvent)
                  00011e94    0000002c               : igmp.oem4f (.text:IGMPTestGroup)
                  00011ec0    0000002c     os.aem4f : task.oem4f (.text:NDK_hookCreate)
                  00011eec    0000002c     stk.aem4f : nimu.oem4f (.text:NIMUAllocateIndex)
                  00011f18    0000002c               : nimu.oem4f (.text:NIMUPacketServiceCheck)
                  00011f44    0000002c               : pipe.oem4f (.text:PipeClose)
                  00011f70    0000002c               : sockpcb.oem4f (.text:SockPcbAttach)
                  00011f9c    0000002c               : lli.oem4f (.text:_LLIExpListRemove)
                  00011fc8    0000002c               : lli.oem4f (.text:_LLITimeoutFlush)
                  00011ff4    0000002c               : rtable.oem4f (.text:_RtExpListRemove)
                  00012020    0000002c     httpget_pem4f.oem4f (.text:ti_sysbios_knl_Clock_doTick__I)
                  0001204c    0000002c     httpget_pem4f.oem4f (.text:ti_sysbios_knl_Queue_construct)
                  00012078    0000002c     sysbios.aem4f : BIOS.obj (.text:ti_sysbios_knl_Task_restore__E)
                  000120a4    0000002c     ti.targets.arm.rtsarm.aem4f : Text.oem4f (.text:xdc_runtime_Text_cordText__E)
                  000120d0    0000002a     driverlib.lib : gpio.obj (.text:GPIODirModeSet)
                  000120fa    0000002a     stk.aem4f : pbm.oem4f (.text:PBMQ_deq)
                  00012124    0000002a     netctrl_min_ipv4.aem4f : netsrv.oem4f (.text:ServiceCallback)
                  0001214e    0000002a     nettool_ipv4.aem4f : config.oem4f (.text:_CfgRelease)
                  00012178    0000002a     ti.targets.arm.rtsarm.aem4f : System.oem4f (.text:xdc_runtime_System_putchar__I)
                  000121a2    00000002     --HOLE-- [fill = 0]
                  000121a4    00000028     stk.aem4f : bind.oem4f (.text:BindFindByNet)
                  000121cc    00000028               : lli.oem4f (.text:LLIFree)
                  000121f4    00000028     netctrl_min_ipv4.aem4f : netctrl.oem4f (.text:NC_SystemClose)
                  0001221c    00000028     stk.aem4f : nimu.oem4f (.text:NIMUCreatePacket)
                  00012244    00000028               : nimu.oem4f (.text:NIMUPacketService)
                  0001226c    00000028               : tcpin.oem4f (.text:TcpEnterTimeWait)
                  00012294    00000028               : timer.oem4f (.text:TimerListRemove)
                  000122bc    00000028               : vlan.oem4f (.text:VLANFindSourceInterface)
                  000122e4    00000028               : vlan.oem4f (.text:VLANInit)
                  0001230c    00000028     nettool_ipv4.aem4f : dhcpsock.oem4f (.text:dhcpPacketReceive)
                  00012334    00000028     drivers_tivaware.aem4f : EMACSnow.oem4f (.text:signalLinkChange)
                  0001235c    00000004     ti.targets.arm.rtsarm.aem4f : System.oem4f (.text:xdc_runtime_System_aprintf_va__F)
                  00012360    00000028     sysbios.aem4f : BIOS.obj (.text:ti_sysbios_knl_Clock_addI__E)
                  00012388    00000028                   : BIOS.obj (.text:ti_sysbios_knl_Swi_Module_startup__E)
                  000123b0    00000026     nettool_ipv4.aem4f : config.oem4f (.text:CfgEntryInfo)
                  000123d6    00000026     driverlib.lib : emac.obj (.text:EMACPHYRead)
                  000123fc    00000026                   : emac.obj (.text:EMACPHYWrite)
                  00012422    00000026     stk.aem4f : rawethsock.oem4f (.text:RawEthSockClose)
                  00012448    00000026     sysbios.aem4f : m3_Hwi_asm.obj (.text:ti_sysbios_family_arm_m3_Hwi_pendSV__I)
                  0001246e    00000026     ti.targets.arm.rtsarm.aem4f : System.oem4f (.text:xdc_runtime_System_avprintf__E)
                  00012494    00000024     stk.aem4f : bind.oem4f (.text:BindFindByHost)
                  000124b8    00000024               : bind.oem4f (.text:BindGetIFByDBCast)
                  000124dc    00000024     drivers_tivaware.aem4f : EMACSnow.oem4f (.text:EMACSnow_pkt_service)
                  00012500    00000024                            : EMACSnow.oem4f (.text:EMACSnow_primeRx)
                  00012524    00000024     stk.aem4f : exec.oem4f (.text:ExecTimer)
                  00012548    00000024               : nimu.oem4f (.text:NIMUFindByIndex)
                  0001256c    00000024               : rtc.oem4f (.text:RTCAddHook)
                  00012590    00000024               : rawethsock_pcb.oem4f (.text:RawEthSockPcbFind)
                  000125b4    00000024               : route.oem4f (.text:RtFree)
                  000125d8    00000024               : route.oem4f (.text:RtSetTimeout)
                  000125fc    00000024               : sockpcb.oem4f (.text:SockPcbCleanup)
                  00012620    00000024               : tcptime.oem4f (.text:TcpTimeoutWait2)
                  00012644    00000024     nettool_ipv4.aem4f : config.oem4f (.text:_CfgEntryProcess)
                  00012668    00000024     httpget_pem4f.oem4f (.text:ti_sysbios_BIOS_errorRaiseHook__I)
                  0001268c    00000024     httpget_pem4f.oem4f (.text:ti_sysbios_BIOS_registerRTSLock__I)
                  000126b0    00000024     httpget_pem4f.oem4f (.text:ti_sysbios_BIOS_removeRTSLock__I)
                  000126d4    00000024     httpget_pem4f.oem4f (.text:ti_sysbios_BIOS_startFunc__I)
                  000126f8    00000024     httpget_pem4f.oem4f (.text:ti_sysbios_gates_GateMutex_Object__delete__S)
                  0001271c    00000004     ti.targets.arm.rtsarm.aem4f : System.oem4f (.text:xdc_runtime_System_printf_va__F)
                  00012720    00000024     sysbios.aem4f : BIOS.obj (.text:ti_sysbios_knl_Clock_Module_startup__E)
                  00012744    00000004     --HOLE-- [fill = 0]
                  00012748    00000024                   : BIOS.obj (.text:ti_sysbios_knl_Clock_start__E)
                  0001276c    00000004     --HOLE-- [fill = 0]
                  00012770    00000024                   : BIOS.obj (.text:ti_sysbios_knl_Semaphore_Instance_init__E)
                  00012794    00000024     httpget_pem4f.oem4f (.text:ti_sysbios_knl_Semaphore_Object__delete__S)
                  000127b8    00000024     sysbios.aem4f : BIOS.obj (.text:ti_sysbios_knl_Task_restoreHwi__E)
                  000127dc    00000024     ti.targets.arm.rtsarm.aem4f : System.oem4f (.text:xdc_runtime_System_vprintf__E)
                  00012800    00000022     nettool_ipv4.aem4f : config.oem4f (.text:CfgEntryRef)
                  00012822    00000022     stk.aem4f : vlan.oem4f (.text:VLANFindNode)
                  00012844    00000004     --HOLE-- [fill = 0]
                  00012848    00000022     sysbios.aem4f : BIOS.obj (.text:ti_sysbios_family_arm_lm4_Timer_write__I)
                  0001286a    00000022     httpget_pem4f.oem4f (.text:xdc_runtime_SysMin_output__I)
                  0001288c    00000020     netctrl_min_ipv4.aem4f : netctrl.oem4f (.text:NC_BootComplete)
                  000128ac    00000020     stk.aem4f : nimu.oem4f (.text:NIMUGetNumOfObject)
                  000128cc    00000020               : rtc.oem4f (.text:RTCRemoveHook)
                  000128ec    00000020               : tcp.oem4f (.text:TcpTimeoutRemove)
                  0001290c    00000020     httpget.obj (.text:Timer_ISR)
                  0001292c    00000020     Boot.aem4f : Boot_sysctl.oem4f (.text:_SysCtlMemTimingGet)
                  0001294c    00000020     httpget_pem4f.oem4f (.text:ti_sysbios_BIOS_rtsLock__I)
                  0001296c    00000004     --HOLE-- [fill = 0]
                  00012970    00000020     sysbios.aem4f : BIOS.obj (.text:ti_sysbios_family_arm_lm4_Timer_postInit__I)
                  00012990    00000020     httpget_pem4f.oem4f (.text:ti_sysbios_family_arm_m3_Hwi_Object__delete__S)
                  000129b0    00000020     sysbios.aem4f : m3_Hwi_asm.obj (.text:ti_sysbios_family_arm_m3_Hwi_excHandlerAsm__I)
                  000129d0    00000020                   : BIOS.obj (.text:ti_sysbios_family_arm_m3_Hwi_excHandler__I)
                  000129f0    00000020     httpget_pem4f.oem4f (.text:ti_sysbios_gates_GateHwi_Object__delete__S)
                  00012a10    00000020     httpget_pem4f.oem4f (.text:ti_sysbios_heaps_HeapMem_Object__delete__S)
                  00012a30    00000020     sysbios.aem4f : BIOS.obj (.text:ti_sysbios_knl_Idle_run__E)
                  00012a50    00000020     httpget_pem4f.oem4f (.text:ti_sysbios_knl_Semaphore_Object__destruct__S)
                  00012a70    00000020     httpget_pem4f.oem4f (.text:ti_sysbios_knl_Swi_Object__delete__S)
                  00012a90    00000020     httpget_pem4f.oem4f (.text:ti_sysbios_knl_Task_Object__delete__S)
                  00012ab0    00000020     ti.targets.arm.rtsarm.aem4f : Registry.oem4f (.text:xdc_runtime_Registry_findById__E)
                  00012ad0    00000020                                 : SysMin.oem4f (.text:xdc_runtime_SysMin_Module_startup__E)
                  00012af0    0000001e     stk.aem4f : listlib.oem4f (.text:list_remove)
                  00012b0e    0000001e     httpget.obj (.text:recv)
                  00012b2c    0000001e     httpget.obj (.text:send)
                  00012b4a    0000001e     rtsv7M4_T_le_v4SPD16_eabi.lib : strcat.c.obj (.text:strcat)
                  00012b68    0000001e     sysbios.aem4f : m3_Hwi_asm_switch.obj (.text:ti_sysbios_family_xxx_Hwi_switchAndRunFunc)
                  00012b86    00000002     --HOLE-- [fill = 0]
                  00012b88    0000001c     stk.aem4f : bind.oem4f (.text:BindFindByIF)
                  00012ba4    0000001c               : exec.oem4f (.text:ExecBroadcast)
                  00012bc0    0000001c     os.aem4f : ossys.oem4f (.text:NDK_sprintf)
                  00012bdc    0000001c     stk.aem4f : nimu.oem4f (.text:NIMUAddHeader)
                  00012bf8    0000001c               : sockprot.oem4f (.text:SockPrDetach)
                  00012c14    0000001c     os.aem4f : task.oem4f (.text:TaskDestroy)
                  00012c30    0000001c     drivers_tivaware.aem4f : GPIOTiva.oem4f (.text:getGpioIntIndex)
                  00012c4c    0000001c     rtsv7M4_T_le_v4SPD16_eabi.lib : memccpy.c.obj (.text:memccpy)
                  00012c68    0000001c     httpget_pem4f.oem4f (.text:ti_ndk_config_global_taskCreateHook)
                  00012c84    00000004     --HOLE-- [fill = 0]
                  00012c88    0000001c     sysbios.aem4f : BIOS.obj (.text:ti_sysbios_gates_GateMutex_Instance_init__E)
                  00012ca4    0000001c     httpget_pem4f.oem4f (.text:ti_sysbios_knl_Queue_Object__destruct__S)
                  00012cc0    0000001c     sysbios.aem4f : BIOS.obj (.text:ti_sysbios_knl_Queue_get__E)
                  00012cdc    00000004     --HOLE-- [fill = 0]
                  00012ce0    0000001c                   : BIOS.obj (.text:ti_sysbios_knl_Queue_put__E)
                  00012cfc    00000004     --HOLE-- [fill = 0]
                  00012d00    0000001c                   : BIOS.obj (.text:ti_sysbios_knl_Task_enter__I)
                  00012d1c    0000001c     ti.targets.arm.rtsarm.aem4f : Error.oem4f (.text:xdc_runtime_Error_raiseX__E)
                  00012d38    0000001c                                 : Memory.oem4f (.text:xdc_runtime_Memory_valloc__E)
                  00012d54    0000001c                                 : SysMin.oem4f (.text:xdc_runtime_SysMin_exit__E)
                  00012d70    0000001c                                 : System.oem4f (.text:xdc_runtime_System_abort__E)
                  00012d8c    0000001a     stk.aem4f : bind.oem4f (.text:BindGetIP)
                  00012da6    0000001a               : sockint.oem4f (.text:SockSetOOBMark)
                  00012dc0    0000001a     rtsv7M4_T_le_v4SPD16_eabi.lib : s_copysign.c.obj (.text:copysign)
                  00012dda    0000001a     stk.aem4f : file.oem4f (.text:fdint_getfdt)
                  00012df4    0000001a     httpget_pem4f.oem4f (.text:ti_sysbios_family_arm_m3_Hwi_Handle__label__S)
                  00012e0e    0000001a     httpget_pem4f.oem4f (.text:ti_sysbios_gates_GateHwi_Handle__label__S)
                  00012e28    0000001a     httpget_pem4f.oem4f (.text:ti_sysbios_gates_GateMutex_Handle__label__S)
                  00012e42    0000001a     httpget_pem4f.oem4f (.text:ti_sysbios_heaps_HeapMem_Handle__label__S)
                  00012e5c    0000001a     httpget_pem4f.oem4f (.text:ti_sysbios_knl_Swi_Handle__label__S)
                  00012e76    0000001a     httpget_pem4f.oem4f (.text:ti_sysbios_knl_Task_Handle__label__S)
                  00012e90    0000001a     sysbios.aem4f : BIOS.obj (.text:ti_sysbios_knl_Task_sleepTimeout__I)
                  00012eaa    0000001a     httpget_pem4f.oem4f (.text:xdc_runtime_System_aprintf__E)
                  00012ec4    0000001a     httpget_pem4f.oem4f (.text:xdc_runtime_System_printf__E)
                  00012ede    00000002     --HOLE-- [fill = 0]
                  00012ee0    00000018     drivers_tivaware.aem4f : EMACSnow.oem4f (.text:EMACSnow_emacSend)
                  00012ef8    00000018     driverlib.lib : gpio.obj (.text:GPIOPinTypeGPIOOutput)
                  00012f10    00000018     stk.aem4f : ip.oem4f (.text:IPRtChange)
                  00012f28    00000018               : rawethsock_pcb.oem4f (.text:RawEthSockPcbCleanup)
                  00012f40    00000018     nettool_ipv4.aem4f : ipaddr.oem4f (.text:RouteHook)
                  00012f58    00000018     stk.aem4f : tcpin.oem4f (.text:SEQ_GEQ)
                  00012f70    00000018               : tcpout.oem4f (.text:SEQ_GEQ)
                  00012f88    00000018               : tcpin.oem4f (.text:SEQ_GT)
                  00012fa0    00000018               : tcpout.oem4f (.text:SEQ_GT)
                  00012fb8    00000018               : tcpin.oem4f (.text:SEQ_LEQ)
                  00012fd0    00000018               : tcpout.oem4f (.text:SEQ_LEQ)
                  00012fe8    00000018               : tcpin.oem4f (.text:SEQ_LT)
                  00013000    00000018               : tcpout.oem4f (.text:SEQ_LT)
                  00013018    00000018               : tcp.oem4f (.text:TcpTimeoutAdd)
                  00013030    00000018     rtsv7M4_T_le_v4SPD16_eabi.lib : args_main.c.obj (.text:_args_main)
                  00013048    00000018                                   : snprintf.c.obj (.text:_outc)
                  00013060    00000018                                   : sprintf.c.obj (.text:_outs)
                  00013078    00000018     nettool_ipv4.aem4f : dhcpsock.oem4f (.text:dhcpSocketClose)
                  00013090    00000018     stk.aem4f : listlib.oem4f (.text:list_add)
                  000130a8    00000018     rtsv7M4_T_le_v4SPD16_eabi.lib : strcmp.c.obj (.text:strcmp)
                  000130c0    00000018     httpget_pem4f.oem4f (.text:ti_sysbios_BIOS_rtsUnlock__I)
                  000130d8    00000018     httpget_pem4f.oem4f (.text:ti_sysbios_family_arm_lm4_Timer_Module__startupDone__F)
                  000130f0    00000018     httpget_pem4f.oem4f (.text:ti_sysbios_family_arm_m3_Hwi_Module__startupDone__F)
                  00013108    00000018     sysbios.aem4f : m3_TaskSupport_asm.obj (.text:ti_sysbios_family_arm_m3_TaskSupport_swap__E)
                  00013120    00000018                   : BIOS.obj (.text:ti_sysbios_gates_GateMutex_leave__E)
                  00013138    00000018                   : BIOS.obj (.text:ti_sysbios_knl_Task_unblock__E)
                  00013150    00000018     ti.targets.arm.rtsarm.aem4f : Error.oem4f (.text:xdc_runtime_Error_check__E)
                  00013168    00000018                                 : System.oem4f (.text:xdc_runtime_System_exit__E)
                  00013180    00000018                                 : Text.oem4f (.text:xdc_runtime_Text_ropeText__E)
                  00013198    00000016     driverlib.lib : emac.obj (.text:EMACReset)
                  000131ae    00000016                   : emac.obj (.text:EMACRxEnable)
                  000131c4    00000016                   : emac.obj (.text:EMACTxEnable)
                  000131da    00000016     stk.aem4f : file.oem4f (.text:fdint_freefdt)
                  000131f0    00000016     httpget.obj (.text:main)
                  00013206    00000016     httpget.obj (.text:netIPAddrHook)
                  0001321c    00000016     rtsv7M4_T_le_v4SPD16_eabi.lib : strchr.c.obj (.text:strchr)
                  00013232    00000016     httpget_pem4f.oem4f (.text:ti_sysbios_BIOS_exitFunc__I)
                  00013248    00000016     httpget.obj (.text:ti_sysbios_knl_Task_Params_init)
                  0001325e    00000016     ti.targets.arm.rtsarm.aem4f : System.oem4f (.text:xdc_runtime_System_vsprintf__E)
                  00013274    00000014     stk.aem4f : bind.oem4f (.text:BindIPHost2IF)
                  00013288    00000014     driverlib.lib : flash.obj (.text:FlashUserGet)
                  0001329c    00000014     netctrl_min_ipv4.aem4f : netctrl.oem4f (.text:NC_NetStop)
                  000132b0    00000014     os.aem4f : task.oem4f (.text:NDK_hookExit)
                  000132c4    00000014     stk.aem4f : nimu.oem4f (.text:NIMUSendPacket)
                  000132d8    00000014     nettool_ipv4.aem4f : ipaddr.oem4f (.text:NtRemoveNetwork)
                  000132ec    00000014     stk.aem4f : rawethsock_pcb.oem4f (.text:RawEthSockPcbInit)
                  00013300    00000014               : timer.oem4f (.text:TimerFree)
                  00013314    00000014     httpget.obj (.text:connect)
                  00013328    00000014     httpget.obj (.text:socket)
                  0001333c    00000014     rtsv7M4_T_le_v4SPD16_eabi.lib : strcpy.c.obj (.text:strcpy)
                  00013350    00000014                                   : strlen.c.obj (.text:strlen)
                  00013364    00000014     httpget_pem4f.oem4f (.text:ti_ndk_config_global_taskExitHook)
                  00013378    00000014     httpget_pem4f.oem4f (.text:ti_sysbios_family_arm_m3_Hwi_Object__get__S)
                  0001338c    00000004     --HOLE-- [fill = 0]
                  00013390    00000014     sysbios.aem4f : BIOS.obj (.text:ti_sysbios_family_arm_m3_Hwi_switchFromBootStack__E)
                  000133a4    00000014     httpget_pem4f.oem4f (.text:ti_sysbios_heaps_HeapMem_Object__get__S)
                  000133b8    00000014     httpget_pem4f.oem4f (.text:ti_sysbios_knl_Mailbox_Object__get__S)
                  000133cc    00000014     httpget_pem4f.oem4f (.text:ti_sysbios_knl_Swi_Object__get__S)
                  000133e0    00000014     httpget_pem4f.oem4f (.text:ti_sysbios_knl_Task_Object__first__S)
                  000133f4    00000014     httpget_pem4f.oem4f (.text:ti_sysbios_knl_Task_Object__next__S)
                  00013408    00000012     driverlib.lib : gpio.obj (.text:GPIOPinTypeEthernetLED)
                  0001341a    00000012                   : gpio.obj (.text:GPIOPinTypeGPIOInput)
                  0001342c    00000012     stk.aem4f : sockprot.oem4f (.text:SockPrAttach)
                  0001343e    00000012               : sockint.oem4f (.text:SockSetOOBData)
                  00013450    00000012     sysbios.aem4f : BIOS.obj (.text:ti_sysbios_hal_Hwi_Module_startup__E)
                  00013462    00000006     driverlib.lib : gpio.obj (.text:GPIOIntClear)
                  00013468    00000012     sysbios.aem4f : BIOS.obj (.text:ti_sysbios_hal_Timer_Module_startup__E)
                  0001347a    00000006     driverlib.lib : gpio.obj (.text:GPIOPinRead)
                  00013480    00000012     sysbios.aem4f : BIOS.obj (.text:ti_sysbios_knl_Semaphore_reset__E)
                  00013492    00000012     rtsv7M4_T_le_v4SPD16_eabi.lib : wcslen.c.obj (.text:wcslen)
                  000134a4    00000012     httpget_pem4f.oem4f (.text:xdc_runtime_Startup_exec__I)
                  000134b6    00000002     --HOLE-- [fill = 0]
                  000134b8    00000010     httpget_pem4f.oem4f (.text:.bootCodeSection:ti_catalog_arm_cortexm4_tiva_ce_Boot_init__I)
                  000134c8    00000010     stk.aem4f : bind.oem4f (.text:BindIF2IPHost)
                  000134d8    00000010               : bind.oem4f (.text:BindIFNet2IPHost)
                  000134e8    00000010     driverlib.lib : emac.obj (.text:EMACFrameFilterSet)
                  000134f8    00000010     stk.aem4f : exec.oem4f (.text:ExecHRef)
                  00013508    00000010     netctrl_min_ipv4.aem4f : netctrl.oem4f (.text:NC_IPUpdate)
                  00013518    00000010     stk.aem4f : nimu.oem4f (.text:NIMUGetRsvdSizeInfo)
                  00013528    00000010     sysbios.aem4f : BIOS.obj (.text:ti_sysbios_BIOS_exit__E)
                  00013538    00000010                   : BIOS.obj (.text:ti_sysbios_BIOS_getCpuFreq__E)
                  00013548    00000010                   : BIOS.obj (.text:ti_sysbios_BIOS_setThreadType__E)
                  00013558    00000010                   : BIOS.obj (.text:ti_sysbios_BIOS_start__E)
                  00013568    00000010                   : m3_TaskSupport_asm.obj (.text:ti_sysbios_family_arm_m3_TaskSupport_glue)
                  00013578    00000010                   : BIOS.obj (.text:ti_sysbios_gates_GateMutex_Instance_finalize__E)
                  00013588    00000010                   : BIOS.obj (.text:ti_sysbios_knl_Semaphore_Instance_finalize__E)
                  00013598    00000010                   : BIOS.obj (.text:ti_sysbios_knl_Swi_disable__E)
                  000135a8    00000010     httpget_pem4f.oem4f (.text:ti_sysbios_knl_Task_Object__get__S)
                  000135b8    00000010     sysbios.aem4f : BIOS.obj (.text:ti_sysbios_knl_Task_disable__E)
                  000135c8    00000010     ti.targets.arm.rtsarm.aem4f : Gate.oem4f (.text:xdc_runtime_Gate_leaveSystem__E)
                  000135d8    00000010                                 : Memory.oem4f (.text:xdc_runtime_Memory_free__E)
                  000135e8    00000010                                 : SysMin.oem4f (.text:xdc_runtime_SysMin_ready__E)
                  000135f8    00000010                                 : System.oem4f (.text:xdc_runtime_System_vsnprintf__E)
                  00013608    00000010     httpget_pem4f.oem4f (.text:xdc_runtime_Text_visitRope__I)
                  00013618    0000000e     drivers_tivaware.aem4f : EMACSnow.oem4f (.text:EMACSnow_emacioctl)
                  00013626    0000000e     stk.aem4f : exec.oem4f (.text:ExecLowResource)
                  00013634    0000000e     driverlib.lib : gpio.obj (.text:GPIOIntStatus)
                  00013642    0000000e     rtsv7M4_T_le_v4SPD16_eabi.lib : copy_decompress_none.c.obj (.text:decompress:none:__TI_decompress_none)
                  00013650    0000000e     sysbios.aem4f : BIOS.obj (.text:ti_sysbios_knl_Clock_removeI__E)
                  0001365e    00000002     --HOLE-- [fill = 0]
                  00013660    0000000e                   : BIOS.obj (.text:ti_sysbios_knl_Idle_loop__E)
                  0001366e    00000002     --HOLE-- [fill = 0]
                  00013670    0000000e                   : BIOS.obj (.text:ti_sysbios_knl_Queue_empty__E)
                  0001367e    00000002     --HOLE-- [fill = 0]
                  00013680    0000000c     stk.aem4f : bind.oem4f (.text:BindGetFirst)
                  0001368c    0000000c     nettool_ipv4.aem4f : config.oem4f (.text:CfgSetDefault)
                  00013698    0000000c     drivers_tivaware.aem4f : EMACSnow.oem4f (.text:EMACSnow_init)
                  000136a4    0000000c     os.aem4f : task.oem4f (.text:NDK_hookInit)
                  000136b0    0000000c     stk.aem4f : nimu.oem4f (.text:NIMUSetRsvdSizeInfo)
                  000136bc    0000000c     os.aem4f : task.oem4f (.text:NotifyLowResource)
                  000136c8    0000000c     stk.aem4f : pbm.oem4f (.text:PBM_close)
                  000136d4    0000000c     os.aem4f : semaphore.oem4f (.text:SemDelete)
                  000136e0    0000000c     rtsv7M4_T_le_v4SPD16_eabi.lib : ctime_.c.obj (.text:__ctime32)
                  000136ec    0000000c     hal_timer_bios.aem4f : lltimer.oem4f (.text:_llTimerShutdown)
                  000136f8    0000000c     rtsv7M4_T_le_v4SPD16_eabi.lib : _lock.c.obj (.text:_register_lock)
                  00013704    0000000c                                   : _lock.c.obj (.text:_register_unlock)
                  00013710    0000000c     httpget.obj (.text:close)
                  0001371c    0000000c     rtsv7M4_T_le_v4SPD16_eabi.lib : copy_zero_init.c.obj (.text:decompress:ZI:__TI_zero_init)
                  00013728    0000000c     hal_timer_bios.aem4f : lltimer.oem4f (.text:llTimerGetStartTime)
                  00013734    00000004     --HOLE-- [fill = 0]
                  00013738    0000000c     sysbios.aem4f : BIOS.obj (.text:ti_sysbios_BIOS_getThreadType__E)
                  00013744    00000004     --HOLE-- [fill = 0]
                  00013748    0000000c                   : BIOS.obj (.text:ti_sysbios_family_arm_lm4_Timer_getMaxTicks__E)
                  00013754    0000000c     httpget_pem4f.oem4f (.text:ti_sysbios_family_arm_m3_Hwi_Params__init__S)
                  00013760    0000000c     sysbios.aem4f : BIOS.obj (.text:ti_sysbios_family_arm_m3_Hwi_disableFxn__E)
                  0001376c    00000004     --HOLE-- [fill = 0]
                  00013770    0000000c                   : BIOS.obj (.text:ti_sysbios_family_arm_m3_TaskSupport_checkStack__E)
                  0001377c    00000004     --HOLE-- [fill = 0]
                  00013780    0000000c                   : BIOS.obj (.text:ti_sysbios_family_arm_m3_TaskSupport_getStackAlignment__E)
                  0001378c    00000004     --HOLE-- [fill = 0]
                  00013790    0000000c                   : BIOS.obj (.text:ti_sysbios_gates_GateHwi_enter__E)
                  0001379c    0000000c     httpget_pem4f.oem4f (.text:ti_sysbios_knl_Clock_Params__init__S)
                  000137a8    0000000c     sysbios.aem4f : BIOS.obj (.text:ti_sysbios_knl_Clock_getTicks__E)
                  000137b4    0000000c     httpget_pem4f.oem4f (.text:ti_sysbios_knl_Queue_Object__get__S)
                  000137c0    0000000c     httpget_pem4f.oem4f (.text:ti_sysbios_knl_Semaphore_Params__init__S)
                  000137cc    0000000c     httpget_pem4f.oem4f (.text:ti_sysbios_knl_Task_Params__init__S)
                  000137d8    0000000c     sysbios.aem4f : BIOS.obj (.text:ti_sysbios_knl_Task_getIdleTask__E)
                  000137e4    00000004     --HOLE-- [fill = 0]
                  000137e8    0000000c                   : BIOS.obj (.text:ti_sysbios_knl_Task_self__E)
                  000137f4    0000000c     ti.targets.arm.rtsarm.aem4f : Error.oem4f (.text:xdc_runtime_Error_init__E)
                  00013800    0000000c                                 : Gate.oem4f (.text:xdc_runtime_Gate_enterSystem__E)
                  0001380c    0000000c                                 : Memory.oem4f (.text:xdc_runtime_Memory_calloc__E)
                  00013818    0000000c                                 : Memory.oem4f (.text:xdc_runtime_Memory_getMaxDefaultTypeAlign__E)
                  00013824    0000000a     rtsv7M4_T_le_v4SPD16_eabi.lib : sprintf.c.obj (.text:_outc)
                  0001382e    0000000a     stk.aem4f : file.oem4f (.text:fdint_signalevent)
                  00013838    0000000a               : file.oem4f (.text:fdint_signaltimeout)
                  00013842    0000000a     httpget_pem4f.oem4f (.text:xdc_runtime_IHeap_alloc)
                  0001384c    0000000a     httpget_pem4f.oem4f (.text:xdc_runtime_IHeap_free)
                  00013856    00000008     EK_TM4C1294XL.obj (.text:EK_TM4C1294XL_initGPIO)
[...]
00015cdc  ti_sysbios_gates_GateHwi_Object__PARAMS__C                           
00015cf4  ti_sysbios_gates_GateMutex_Object__PARAMS__C                         
00015d0c  ti_sysbios_knl_Queue_Object__PARAMS__C                               
00015d24  ti_sysbios_knl_Task_hooks__A                                         
00015d3c  GPIOTiva_config                                                      
00015d50  xdc_runtime_Startup_firstFxns__A                                     
00015d64  xdc_runtime_Startup_sfxnRts__A                                       
00015d78  emacHWAttrs                                                          
00015d90  EMACSnow_fxnTable                                                    
00015d98  ti_sysbios_family_arm_m3_Hwi_excHookFuncs__A                         
00015da0  ti_sysbios_knl_Idle_funcList__A                                      
00015da8  ti_sysbios_knl_Idle_funcList__C                                      
00015db0  ti_sysbios_knl_Task_hooks__C                                         
00015db8  xdc_runtime_Startup_firstFxns__C                                     
00015dc0  xdc_runtime_Startup_lastFxns__C                                      
00015dc8  ti_catalog_arm_cortexm4_tiva_ce_Boot_A_mustNotUseEnhancedClockMode__C
00015dcc  ti_catalog_arm_cortexm4_tiva_ce_Boot_Module__diagsEnabled__C         
00015dd0  ti_catalog_arm_cortexm4_tiva_ce_Boot_Module__diagsIncluded__C        
00015dd4  ti_catalog_arm_cortexm4_tiva_ce_Boot_Module__diagsMask__C            
00015dd8  ti_sysbios_family_arm_lm4_Timer_enableFunc__C                        
00015ddc  ti_sysbios_family_arm_lm4_Timer_numTimerDevices__C                   
00015de0  ti_sysbios_family_arm_lm4_Timer_startupNeeded__C                     
00015de4  ti_sysbios_family_arm_m3_Hwi_E_NMI__C                                
00015de8  ti_sysbios_family_arm_m3_Hwi_E_alreadyDefined__C                     
00015dec  ti_sysbios_family_arm_m3_Hwi_E_busFault__C                           
00015df0  ti_sysbios_family_arm_m3_Hwi_E_debugMon__C                           
00015df4  ti_sysbios_family_arm_m3_Hwi_E_hardFault__C                          
00015df8  ti_sysbios_family_arm_m3_Hwi_E_memFault__C                           
00015dfc  ti_sysbios_family_arm_m3_Hwi_E_noIsr__C                              
00015e00  ti_sysbios_family_arm_m3_Hwi_E_reserved__C                           
00015e04  ti_sysbios_family_arm_m3_Hwi_E_svCall__C                             
00015e08  ti_sysbios_family_arm_m3_Hwi_E_usageFault__C                         
00015e0c  ti_sysbios_family_arm_m3_Hwi_NUM_INTERRUPTS__C                       
00015e10  ti_sysbios_family_arm_m3_Hwi_Object__count__C                        
00015e14  ti_sysbios_family_arm_m3_Hwi_ccr__C                                  
00015e18  ti_sysbios_family_arm_m3_Hwi_excHandlerFunc__C                       
00015e1c  ti_sysbios_family_arm_m3_Hwi_excHookFuncs__C                         
00015e20  ti_sysbios_family_arm_m3_Hwi_nullIsrFunc__C                          
00015e24  ti_sysbios_family_arm_m3_Hwi_priGroup__C                             
00015e28  ti_sysbios_family_arm_m3_TaskSupport_stackAlignment__C               
00015e2c  ti_sysbios_gates_GateMutex_Instance_State_sem__O                     
00015e30  ti_sysbios_hal_Hwi_E_stackOverflow__C                                
00015e34  ti_sysbios_heaps_HeapMem_E_memory__C                                 
00015e38  ti_sysbios_heaps_HeapMem_Module__gateObj__C                          
00015e3c  ti_sysbios_heaps_HeapMem_Object__count__C                            
00015e40  ti_sysbios_heaps_HeapMem_reqAlign__C                                 
00015e44  ti_sysbios_knl_Clock_Module_State_clockQ__O                          
00015e48  ti_sysbios_knl_Event_Instance_State_pendQ__O                         
00015e4c  ti_sysbios_knl_Mailbox_Instance_State_dataQue__O                     
00015e50  ti_sysbios_knl_Mailbox_Instance_State_dataSem__O                     
00015e54  ti_sysbios_knl_Mailbox_Instance_State_freeQue__O                     
00015e58  ti_sysbios_knl_Mailbox_Instance_State_freeSem__O                     
00015e5c  ti_sysbios_knl_Mailbox_Object__count__C                              
00015e60  ti_sysbios_knl_Mailbox_maxTypeAlign__C                               
00015e64  ti_sysbios_knl_Semaphore_Instance_State_pendQ__O                     
00015e68  ti_sysbios_knl_Swi_Object__count__C                                  
00015e6c  ti_sysbios_knl_Task_E_deleteNotAllowed__C                            
00015e70  ti_sysbios_knl_Task_E_spOutOfBounds__C                               
00015e74  ti_sysbios_knl_Task_E_stackOverflow__C                               
00015e78  ti_sysbios_knl_Task_Module_State_inactiveQ__O                        
00015e7c  ti_sysbios_knl_Task_Module_State_terminatedQ__O                      
00015e80  ti_sysbios_knl_Task_Object__count__C                                 
00015e84  ti_sysbios_knl_Task_Object__heap__C                                  
00015e88  ti_sysbios_knl_Task_allBlockedFunc__C                                
00015e8c  ti_sysbios_knl_Task_defaultStackHeap__C                              
00015e90  ti_sysbios_knl_Task_defaultStackSize__C                              
00015e94  ti_sysbios_knl_Task_numConstructedTasks__C                           
00015e98  xdc_runtime_Assert_E_assertFailed__C                                 
00015e9c  xdc_runtime_Core_A_initializedParams__C                              
00015ea0  xdc_runtime_Core_Module__diagsEnabled__C                             
00015ea4  xdc_runtime_Core_Module__diagsIncluded__C                            
00015ea8  xdc_runtime_Core_Module__diagsMask__C                                
00015eac  xdc_runtime_Error_E_memory__C                                        
00015eb0  xdc_runtime_Error_Module__diagsEnabled__C                            
00015eb4  xdc_runtime_Error_Module__diagsIncluded__C                           
00015eb8  xdc_runtime_Error_Module__diagsMask__C                               
00015ebc  xdc_runtime_Error_Module__loggerFxn8__C                              
00015ec0  xdc_runtime_Error_Module__loggerObj__C                               
00015ec4  xdc_runtime_Error_policyFxn__C                                       
00015ec8  xdc_runtime_Error_raiseHook__C                                       
00015ecc  xdc_runtime_IGateProvider_Interface__BASE__C                         
00015ed0  xdc_runtime_IHeap_Interface__BASE__C                                 
00015ed4  xdc_runtime_IModule_Interface__BASE__C                               
00015ed8  xdc_runtime_Log_L_error__C                                           
00015edc  xdc_runtime_Memory_defaultHeapInstance__C                            
00015ee0  xdc_runtime_Startup_execImpl__C                                      
00015ee4  xdc_runtime_Startup_maxPasses__C                                     
00015ee8  xdc_runtime_Startup_sfxnRts__C                                       
00015eec  xdc_runtime_Startup_sfxnTab__C                                       
00015ef0  xdc_runtime_SysMin_bufSize__C                                        
00015ef4  xdc_runtime_SysMin_outputFunc__C                                     
00015ef8  xdc_runtime_System_Module__gateObj__C                                
00015efc  xdc_runtime_System_abortFxn__C                                       
00015f00  xdc_runtime_System_exitFxn__C                                        
00015f04  xdc_runtime_System_extendFxn__C                                      
00015f08  xdc_runtime_System_maxAtexitHandlers__C                              
00015f0c  xdc_runtime_Text_charTab__C                                          
00015f10  xdc_runtime_Text_nameEmpty__C                                        
00015f14  xdc_runtime_Text_nameStatic__C                                       
00015f18  xdc_runtime_Text_nameUnknown__C                                      
00015f1c  xdc_runtime_Text_nodeTab__C                                          
00015f20  xdc_runtime_Text_visitRopeFxn__C                                     
00015f24  ti_sysbios_hal_Hwi_Module__id__C                                     
00015f26  ti_sysbios_heaps_HeapMem_Module__id__C                               
00015f28  ti_sysbios_knl_Task_Module__id__C                                    
00015f2a  xdc_runtime_Core_Module__id__C                                       
00015f2c  xdc_runtime_Error_Module__loggerDefined__C                           
00015f2e  xdc_runtime_Error_maxDepth__C                                        
00015f30  xdc_runtime_Memory_Module__id__C                                     
00015f32  xdc_runtime_SysMin_flushAtExit__C                                    
00015f34  xdc_runtime_Text_charCnt__C                                          
00015f36  xdc_runtime_Text_isLoaded__C                                         
00015f38  xdc_runtime_Text_registryModsLastId__C                               
00015f3a  xdc_runtime_Text_unnamedModsLastId__C                                
00015f3c  xdc_runtime_Error_policy__C                                          
00015f40  __TI_static_base__                                                   
00016380  __TI_Handler_Table_Base                                              
0001638c  __TI_Handler_Table_Limit                                             
000163a0  __TI_CINIT_Base                                                      
000163b8  __TI_CINIT_Limit                                                     
20000000  __start___llvm_prf_cnts                                              
20000000  __stop___llvm_prf_cnts                                               
20000000  ti_sysbios_family_arm_m3_Hwi_ramVectors                              
20000380  ti_ndk_config_Global_pit                                             
20000498  ti_ndk_config_Global_pitBuffer                                       
2000cc98  ti_sysbios_heaps_HeapMem_Instance_State_0_buf__A                     
20014c98  ips                                                                  
20014d00  ti_ndk_config_Global_pBufMem                                         
20018900  ti_ndk_config_Global_pHdrMem                                         
20018bf8  ti_sysbios_knl_Task_Instance_State_0_stack__A                        
200193f8  ti_sysbios_knl_Task_Instance_State_1_stack__A                        
20019bf8  ti_sysbios_knl_Task_Instance_State_2_stack__A                        
2001a1f8  ti_sysbios_knl_Task_Instance_State_3_stack__A                        
2001a3f8  tankCondition                                                        
2001a7e0  ti_sysbios_family_arm_m3_Hwi_dispatchTable                           
2001ab40  __CIOBUF_                                                            
2001ad60  tcps                                                                 
2001aed0  ti_sysbios_knl_Mailbox_Instance_State_0_allocBuf__A                  
2001b120  xdc_runtime_SysMin_Module_State_0_outbuf__A                          
2001b1a0  nimu_mcb                                                             
2001b204  _ICMPIn                                                              
2001b250  _ICMPOut                                                             
2001b2dc  vlan_mcb                                                             
2001b328  udps                                                                 
2001b34c  takenTime                                                            
2001b388  BlockCount                                                           
2001b3a4  BlockMax                                                             
2001b3c0  PageCount                                                            
2001b3dc  PageMax                                                              
2001b3f8  stkEvent                                                             
2001b434  raweths                                                              
2001b444  raws                                                                 
2001b460  PBMQ_free                                                            
2001b46c  tpseudo                                                              
2001b478  upseudo                                                              
2001b484  emacObjects                                                          
2001b48c  parmbuf                                                              
2001b4b4  _IGMPInDiscard                                                       
2001b4b8  _IGMPInQuery                                                         
2001b4bc  _IGMPInQueryGroup                                                    
2001b4c0  _IGMPInResponse                                                      
2001b4c4  _IGMPOutResponse                                                     
2001b4c8  currentTime                                                          
2001b4cc  g_ulStatus                                                           
2001b4e0  raweth_pcb                                                           
2001b4e4  ti_sysbios_knl_Task_Instance_State_0_hookEnv__A                      
2001b4e8  ti_sysbios_knl_Task_Instance_State_1_hookEnv__A                      
2001b4ec  ti_sysbios_knl_Task_Instance_State_2_hookEnv__A                      
2001b4f0  ti_sysbios_knl_Task_Instance_State_3_hookEnv__A                      
2001b4f4  ti_sysbios_knl_Task_Object__table__V                                 
2001b624  _ipcfg                                                               
2001b6d8  ti_sysbios_family_arm_lm4_Timer_Object__table__V                     
2001b758  ti_sysbios_knl_Swi_Module_State_0_readyQ__A                          
2001b7d8  ti_sysbios_knl_Task_Module_State_0_readyQ__A                         
2001b858  ti_sysbios_knl_Mailbox_Object__table__V                              
2001b8a8  ti_sysbios_knl_Semaphore_Object__table__V                            
2001b946  ti_sysbios_family_arm_m3_Hwi_Module_State_0_excActive__A             
2001b948  ti_sysbios_knl_Task_Module__state__V                                 
2001ba0c  ti_sysbios_family_arm_lm4_Timer_Module_State_0_device__A             
2001ba4c  ti_sysbios_gates_GateMutex_Object__table__V                          
2001bab8  ti_sysbios_family_arm_m3_Hwi_Module__state__V                        
2001baec  enablePrefetch                                                       
2001baf0  phyCounter                                                           
2001bb1e  xdc_runtime_Error_Module__state__V                                   
2001bb50  ti_sysbios_family_arm_m3_Hwi_Object__table__V                        
2001bb80  ti_sysbios_knl_Swi_Object__table__V                                  
2001bbb0  ti_sysbios_knl_Clock_Module__state__V                                
2001bbdc  pstrMsgName                                                          
2001bc04  _oscfg                                                               
2001bc4c  PITCount                                                             
2001bc50  PITUsed                                                              
2001bc54  PITHigh                                                              
2001bc70  ti_sysbios_BIOS_Module__state__V                                     
2001bc94  ti_sysbios_family_arm_lm4_Timer_Module_State_0_handles__A            
2001bcd0  ti_ndk_config_Global_Id2Size                                         
2001bcec  ti_sysbios_knl_Swi_Module__state__V                                  
2001bd50  ti_sysbios_heaps_HeapMem_Object__table__V                            
2001bda4  _tz                                                                  
2001bdb4  gpioPinConfigs                                                       
2001bdcc  _IGMPForceVersion1                                                   
2001bdd4  ti_sysbios_family_arm_lm4_Timer_Module__state__V                     
2001bde0  ti_sysbios_knl_Event_Object__table__V                                
2001bdec  xdc_runtime_SysMin_Module__state__V                                  
2001be04  _lock                                                                
2001be08  _unlock                                                              
2001be0c  NIMUDeviceTable                                                      
2001be14  gpioCallbackFunctions                                                
2001be1c  ti_ndk_config_Global_HostName                                        
2001be20  __xdc__init__addr                                                    
2001be34  _ICMPInErrors                                                        
2001be38  _ICMPOutErrors                                                       
2001be3c  _IPExecuting                                                         
2001be54  tcp_iss                                                              
2001be58  ptTimeFirst                                                          
2001be64  ti_sysbios_family_arm_m3_Hwi_Module__root__V                         
2001be6c  ti_sysbios_gates_GateHwi_Module__root__V                             
2001be74  ti_sysbios_gates_GateMutex_Module__root__V                           
2001be7c  ti_sysbios_hal_Timer_Object__table__V                                
2001be84  ti_sysbios_heaps_HeapMem_Module__root__V                             
2001be8c  ti_sysbios_knl_Clock_Module__root__V                                 
2001be94  ti_sysbios_knl_Queue_Module__root__V                                 
2001be9c  ti_sysbios_knl_Semaphore_Module__root__V                             
2001bea4  ti_sysbios_knl_Swi_Module__root__V                                   
2001beac  ti_sysbios_knl_Task_Module__root__V                                  
2001beb4  xdc_runtime_Registry_Module__state__V                                
2001bebc  xdc_runtime_Startup_Module__state__V                                 
2001bec4  xdc_runtime_System_Module_State_0_atexitHandlers__A                  
2001becc  xdc_runtime_System_Module__state__V                                  
2001bed4  macAddress                                                           
2001bef0  counter                                                              
2001bef8  errno                                                                
2001befc  main_func_sp                                                         
2001bf04  _IPReasmPtr                                                          
2001bf14  ti_sysbios_family_arm_m3_Hwi_Module_State_0_excContext__A            
2001bf18  ti_sysbios_family_arm_m3_Hwi_Module_State_0_excStack__A              
2001bf1c  ti_sysbios_gates_GateHwi_Object__table__V                            
2001bf20  ti_sysbios_knl_Task_Module_State_0_idleTask__A                       
2001bf24  xdc_runtime_Memory_Module__state__V                                  
2001bf28  __stack                                                              
2001c728  __STACK_END                                                          
e000e000  ti_sysbios_family_arm_m3_Hwi_nvic                                    
ffffffff  __TI_pprof_out_hndl                                                  
ffffffff  __TI_prof_data_size                                                  
ffffffff  __TI_prof_data_start                                                 
ffffffff  __binit__                                                            
ffffffff  __c_args__                                                           
ffffffff  binit                                                                
UNDEFED   SHT$$INIT_ARRAY$$Base                                                
UNDEFED   SHT$$INIT_ARRAY$$Limit                                               

[1069 symbols]
